LOAD METRICS
METRICS SOLUSDT points=17559 missing_days=0
METRICS DOGEUSDT points=17558 missing_days=0
METRICS LTCUSDT points=17559 missing_days=0
METRICS AVAXUSDT points=17558 missing_days=0
METRICS UNIUSDT points=17558 missing_days=0
METRICS ZECUSDT points=17535 missing_days=1
BARS SOLUSDT 17544
SYM SOLUSDT n=768 r1=-0.000106 r4=0.000786 r12=0.000804
BARS DOGEUSDT 17544
SYM DOGEUSDT n=675 r1=0.000365 r4=0.001184 r12=0.002161
BARS LTCUSDT 17544
SYM LTCUSDT n=485 r1=0.000260 r4=0.000761 r12=0.001365
BARS AVAXUSDT 17544
SYM AVAXUSDT n=555 r1=0.000613 r4=0.001477 r12=0.002609
BARS UNIUSDT 17544
SYM UNIUSDT n=729 r1=-0.000146 r4=0.000662 r12=0.000319
BARS ZECUSDT 17544
SYM ZECUSDT n=705 r1=0.000372 r4=0.000135 r12=-0.000943
ALL n=3917 r1=0.000201 r4=0.000809 r12=0.000958 positive=5/6 freq=6.251482
YEAR 2023 n=1847 r1=0.000171 r4=0.000748 r12=0.000557
YEAR 2024 n=2070 r1=0.000228 r4=0.000863 r12=0.001316
SIDE LONG n=1961 r1=0.000462 r4=0.002279 r12=0.003580
SIDE SHORT n=1956 r1=-0.000061 r4=-0.000665 r12=-0.001670
