{
  "v197_parity": {
    "old": 8524,
    "new": 8524,
    "missing": 0,
    "extra": 0,
    "exact": true
  },
  "summary": {
    "v190": {
      "events": 7090,
      "r12": 0.0003728714443771758,
      "positive_symbols": "4/6",
      "positive_years": "3/4",
      "years": {
        "2023": 0.0013305804798017017,
        "2024": 0.001058180609226733,
        "2025": 5.1324182960190684e-05,
        "2026": -0.0014566484248013103
      }
    },
    "v192": {
      "events": 44968,
      "r12": 0.00045141916917068706,
      "positive_symbols": "6/6",
      "positive_years": "3/4",
      "years": {
        "2023": 0.0004238119779429465,
        "2024": 0.001174006722145205,
        "2025": 0.0001594614386930278,
        "2026": -8.661391920083371e-05
      }
    },
    "v194": {
      "events": 35217,
      "r12": -0.0003618482826030912,
      "positive_symbols": "0/6",
      "positive_years": "2/4",
      "years": {
        "2023": 0.0004148868241281635,
        "2024": 0.00045322031747673875,
        "2025": -0.0014156632984459634,
        "2026": -0.0010055112109652435
      }
    },
    "v196": {
      "events": 27494,
      "r12": 2.252439067123998e-05,
      "positive_symbols": "4/6",
      "positive_years": "2/4",
      "years": {
        "2023": 0.0007123210910767396,
        "2024": 0.00021170547063423972,
        "2025": -0.0005046366202054385,
        "2026": -0.0003804167638608556
      }
    },
    "v197": {
      "events": 16717,
      "r12": -4.407060769677825e-05,
      "positive_symbols": "3/6",
      "positive_years": "2/4",
      "years": {
        "2023": 0.0007829011043349265,
        "2024": 0.0002137095390139924,
        "2025": -0.00023543704030104146,
        "2026": -0.0010948517759683263
      }
    }
  }
}
