LOAD METRICS
METRICS SOLUSDT points=17559 missing_days=0
METRICS DOGEUSDT points=17558 missing_days=0
METRICS LTCUSDT points=17559 missing_days=0
METRICS AVAXUSDT points=17558 missing_days=0
METRICS UNIUSDT points=17558 missing_days=0
METRICS ZECUSDT points=17535 missing_days=1
BARS SOLUSDT 17544
SYM SOLUSDT n=309 r1=0.000986 r4=-0.000144 r12=-0.000087
BARS DOGEUSDT 17544
SYM DOGEUSDT n=474 r1=-0.000776 r4=-0.001787 r12=-0.002469
BARS LTCUSDT 17544
SYM LTCUSDT n=274 r1=-0.000201 r4=-0.000980 r12=0.000735
BARS AVAXUSDT 17544
SYM AVAXUSDT n=30 r1=-0.001522 r4=0.000456 r12=0.002594
BARS UNIUSDT 17544
SYM UNIUSDT n=245 r1=0.001211 r4=0.001013 r12=0.002310
BARS ZECUSDT 17544
SYM ZECUSDT n=231 r1=0.000799 r4=0.000906 r12=-0.001146
ALL n=1563 r1=0.000203 r4=-0.000441 r12=-0.000395 positive=3/6 freq=2.494528
YEAR 2023 n=485 r1=-0.000254 r4=-0.000450 r12=-0.000129
YEAR 2024 n=1078 r1=0.000409 r4=-0.000437 r12=-0.000514
SIDE LONG n=782 r1=0.000717 r4=0.000450 r12=0.000585
SIDE SHORT n=781 r1=-0.000312 r4=-0.001332 r12=-0.001375
