SYMBOL SOLUSDT events 2106
SYMBOL DOGEUSDT events 1959
SYMBOL LTCUSDT events 1940
SYMBOL AVAXUSDT events 2077
SYMBOL UNIUSDT events 2020
SYMBOL ZECUSDT events 2082
{
  "events": 12184,
  "mean_r1": 1.9219383970983108e-05,
  "mean_r4": 5.083383275636117e-05,
  "mean_r12": 0.00011442016231785925,
  "positive_symbols": "4/6",
  "freq": 19.445508435932513,
  "2023": -0.00023481970959467196,
  "2024": 0.0004559495435518026,
  "long_r12": 0.0011503162616402847,
  "short_r12": -0.0009238592641024297,
  "up_r12": 0.0003050404006731105,
  "down_r12": -7.638791007091572e-05,
  "gate_pass": false
}
