[Reading 36 lines from start (total: 36 lines, 0 remaining)]

2026/10/01 10:10:42.790 [1;34m[I][0m  use lang: zh
BUILD 1/15 ADAUSDT from=2024-08-15
FWD ADAUSDT n=0 PF=0.000000 net=0.000000000
BUILD 2/15 AVAXUSDT from=2024-08-15
FWD AVAXUSDT n=1 PF=0.000000 net=-0.016541565
BUILD 3/15 BNBUSDT from=2024-08-15
FWD BNBUSDT n=1 PF=0.000000 net=-0.016726813
BUILD 4/15 BTCUSDT from=2024-08-15
FWD BTCUSDT n=0 PF=0.000000 net=0.000000000
BUILD 5/15 DOGEUSDT from=2024-08-15
FWD DOGEUSDT n=0 PF=0.000000 net=0.000000000
BUILD 6/15 ETHUSDT from=2024-08-15
FWD ETHUSDT n=0 PF=0.000000 net=0.000000000
BUILD 7/15 LTCUSDT from=2024-08-15
FWD LTCUSDT n=0 PF=0.000000 net=0.000000000
BUILD 8/15 NEARUSDT from=2024-08-15
FWD NEARUSDT n=0 PF=0.000000 net=0.000000000
BUILD 9/15 SOLUSDT from=2024-08-15
FWD SOLUSDT n=0 PF=0.000000 net=0.000000000
BUILD 10/15 UNIUSDT from=2024-08-15
FWD UNIUSDT n=3 PF=0.517884 net=-0.018063199
BUILD 11/15 XRPUSDT from=2024-08-15
FWD XRPUSDT n=0 PF=0.000000 net=0.000000000
BUILD 12/15 ZECUSDT from=2024-08-15
FWD ZECUSDT n=3 PF=1.311580 net=0.011433074
BUILD 13/15 1000PEPEUSDT from=2025-05-05
FWD 1000PEPEUSDT n=0 PF=0.000000 net=0.000000000
BUILD 14/15 SUIUSDT from=2025-05-03
FWD SUIUSDT n=0 PF=0.000000 net=0.000000000
BUILD 15/15 ONDOUSDT from=2026-01-20
FWD ONDOUSDT n=1 PF=0.000000 net=-0.019272320
ALL n=9 PF=0.532989 net=-0.059170824 positive=1/15 total_per_week=5.400000 per_symbol_week=0.360000
CLOSED_ONLY n=9 PF=0.532989 net=-0.059170824
SIDE LONG n=9 PF=0.532989 net=-0.059170824
EXIT stop_loss 7
EXIT take_profit 2

[executed on device: sorry510 (715fc246-cfb8-4384-b67f-225e7f07bdc3)]