LOAD METRICS
METRICS SOLUSDT points=17559 missing_days=0
METRICS DOGEUSDT points=17558 missing_days=0
METRICS LTCUSDT points=17559 missing_days=0
METRICS AVAXUSDT points=17558 missing_days=0
METRICS UNIUSDT points=17558 missing_days=0
METRICS ZECUSDT points=17535 missing_days=1
BARS SOLUSDT 17544
FUNDING SOLUSDT 2194
SYM SOLUSDT n=250 r1=-0.000197 r4=-0.000073 r12=0.001529
BARS DOGEUSDT 17544
FUNDING DOGEUSDT 2194
SYM DOGEUSDT n=234 r1=0.000319 r4=0.000783 r12=0.001853
BARS LTCUSDT 17544
FUNDING LTCUSDT 2194
SYM LTCUSDT n=166 r1=0.000305 r4=0.001474 r12=0.002565
BARS AVAXUSDT 17544
FUNDING AVAXUSDT 2194
SYM AVAXUSDT n=236 r1=-0.000527 r4=-0.001331 r12=0.000364
BARS UNIUSDT 17544
FUNDING UNIUSDT 2194
SYM UNIUSDT n=215 r1=-0.000412 r4=-0.000666 r12=0.001656
BARS ZECUSDT 17544
FUNDING ZECUSDT 2194
SYM ZECUSDT n=181 r1=-0.000607 r4=-0.002561 r12=-0.002182
ALL n=1282 r1=-0.000193 r4=-0.000399 r12=0.001005 positive=5/6 freq=2.046056
YEAR 2023 n=678 r1=-0.000024 r4=0.000151 r12=0.001073
YEAR 2024 n=604 r1=-0.000382 r4=-0.001015 r12=0.000928
SIDE LONG n=252 r1=-0.000148 r4=-0.001126 r12=0.003060
SIDE SHORT n=1030 r1=-0.000203 r4=-0.000221 r12=0.000502
