FUND_DOWNLOAD 30 / 150
FUND_DOWNLOAD 60 / 150
FUND_DOWNLOAD 90 / 150
FUND_DOWNLOAD 120 / 150
FUND_DOWNLOAD 150 / 150
SYMBOL SOLUSDT events 573 fund 2286 metrics 211469
SYMBOL DOGEUSDT events 556 fund 2286 metrics 211502
SYMBOL LTCUSDT events 558 fund 2286 metrics 211463
SYMBOL AVAXUSDT events 578 fund 2286 metrics 211454
SYMBOL UNIUSDT events 569 fund 2286 metrics 211505
SYMBOL ZECUSDT events 545 fund 2286 metrics 211226
SUMMARY {
  "version": "v153",
  "status": "frozen_failed_early_gate",
  "gate_pass": false,
  "discovery_2023_2024": {
    "n": 3379,
    "symbols": 6,
    "mean1": -0.00013446955178719546,
    "mean4": 0.00020587374630325224,
    "mean12": -0.0008047554771909272,
    "win12": 0.4942290618526191,
    "positive_symbols12": 1,
    "by_symbol": {
      "AVAXUSDT": {
        "n": 578,
        "mean1": -0.0005312247307918593,
        "mean4": -0.0005289996680588863,
        "mean12": -0.0014638687933552542,
        "win12": 0.4982698961937716
      },
      "DOGEUSDT": {
        "n": 556,
        "mean1": -0.0005505572596942406,
        "mean4": -0.00027001444088244547,
        "mean12": -0.00021597037193237174,
        "win12": 0.4982014388489209
      },
      "LTCUSDT": {
        "n": 558,
        "mean1": 0.0003176491493873965,
        "mean4": 0.0009560521743508698,
        "mean12": 0.00020491725152111835,
        "win12": 0.496415770609319
      },
      "SOLUSDT": {
        "n": 573,
        "mean1": -0.0005650454010447235,
        "mean4": 0.00018691605471598613,
        "mean12": -0.0014046854705311409,
        "win12": 0.47643979057591623
      },
      "UNIUSDT": {
        "n": 569,
        "mean1": 0.0005984138516487386,
        "mean4": 0.0012975470447821101,
        "mean12": -0.0011390520810059034,
        "win12": 0.48857644991212656
      },
      "ZECUSDT": {
        "n": 545,
        "mean1": -6.456803091543815e-05,
        "mean4": -0.0004171505598049553,
        "mean12": -0.0007603880471862061,
        "win12": 0.5082568807339449
      }
    }
  },
  "2023": {
    "n": 1700,
    "symbols": 6,
    "mean1": 8.853270858676961e-05,
    "mean4": 3.446029254206071e-05,
    "mean12": -0.000548536689570964,
    "win12": 0.49058823529411766,
    "positive_symbols12": 2,
    "by_symbol": {
      "AVAXUSDT": {
        "n": 295,
        "mean1": 0.00016696849325905378,
        "mean4": -0.0004258160234288716,
        "mean12": -0.002133372301399381,
        "win12": 0.46440677966101696
      },
      "DOGEUSDT": {
        "n": 273,
        "mean1": -0.0011843518014543588,
        "mean4": -0.0015961990660781483,
        "mean12": -0.0008531565541121462,
        "win12": 0.4981684981684982
      },
      "LTCUSDT": {
        "n": 287,
        "mean1": 0.0009098790951851236,
        "mean4": 0.0005887976955465501,
        "mean12": 0.0007675246095376302,
        "win12": 0.5087108013937283
      },
      "SOLUSDT": {
        "n": 289,
        "mean1": -0.0006254552902076785,
        "mean4": -0.0006250708752225989,
        "mean12": -0.0011943980846066142,
        "win12": 0.46366782006920415
      },
      "UNIUSDT": {
        "n": 285,
        "mean1": 0.0006844918375405258,
        "mean4": 0.0014559850081136353,
        "mean12": -0.0008520700875406478,
        "win12": 0.48771929824561405
      },
      "ZECUSDT": {
        "n": 271,
        "mean1": 0.0005502547813135301,
        "mean4": 0.000799503270396454,
        "mean12": 0.0010977330419848293,
        "win12": 0.5239852398523985
      }
    }
  },
  "2024": {
    "n": 1679,
    "symbols": 6,
    "mean1": -0.00036026100064707697,
    "mean4": 0.0003794311443937988,
    "mean12": -0.0010641789071813557,
    "win12": 0.49791542584871945,
    "positive_symbols12": 1,
    "by_symbol": {
      "AVAXUSDT": {
        "n": 283,
        "mean1": -0.0012590233212336239,
        "mean4": -0.0006365585909064274,
        "mean12": -0.0007659764439806359,
        "win12": 0.5335689045936396
      },
      "DOGEUSDT": {
        "n": 283,
        "mean1": 6.0841715219231085e-05,
        "mean4": 0.0010093085367798417,
        "mean12": 0.00039870039744953144,
        "win12": 0.49823321554770317
      },
      "LTCUSDT": {
        "n": 271,
        "mean1": -0.0003095464020662858,
        "mean4": 0.0013449895744130083,
        "mean12": -0.00039090677707939427,
        "win12": 0.4833948339483395
      },
      "SOLUSDT": {
        "n": 284,
        "mean1": -0.0005035719574950974,
        "mean4": 0.0010131985291957444,
        "mean12": -0.0016186750991656086,
        "win12": 0.4894366197183099
      },
      "UNIUSDT": {
        "n": 284,
        "mean1": 0.0005120327742573317,
        "mean4": 0.0011385512012980082,
        "mean12": -0.0014270445744481504,
        "win12": 0.4894366197183099
      },
      "ZECUSDT": {
        "n": 274,
        "mean1": -0.000672659206514161,
        "mean4": -0.0016204833626683927,
        "mean12": -0.0025981647448699656,
        "win12": 0.4927007299270073
      }
    }
  },
  "frequency_per_symbol_week": 5.392840857273142,
  "source_meta": {
    "SOLUSDT": {
      "funding_rows": 2286,
      "metric_rows": 211469,
      "kline_rows": 18288,
      "events": 573,
      "valid_oi_rows": 2205
    },
    "DOGEUSDT": {
      "funding_rows": 2286,
      "metric_rows": 211502,
      "kline_rows": 18288,
      "events": 556,
      "valid_oi_rows": 2205
    },
    "LTCUSDT": {
      "funding_rows": 2286,
      "metric_rows": 211463,
      "kline_rows": 18288,
      "events": 558,
      "valid_oi_rows": 2205
    },
    "AVAXUSDT": {
      "funding_rows": 2286,
      "metric_rows": 211454,
      "kline_rows": 18288,
      "events": 578,
      "valid_oi_rows": 2205
    },
    "UNIUSDT": {
      "funding_rows": 2286,
      "metric_rows": 211505,
      "kline_rows": 18288,
      "events": 569,
      "valid_oi_rows": 2205
    },
    "ZECUSDT": {
      "funding_rows": 2286,
      "metric_rows": 211226,
      "kline_rows": 18288,
      "events": 545,
      "valid_oi_rows": 2205
    }
  },
  "oos_evaluated": false,
  "strict_engine_run": false
}
