ARTICLE 1 64 2024-12-18 0 []
ARTICLE 2 64 2024-12-12 0 []
ARTICLE 3 64 2024-12-10 3 ['ADA', 'DOGE', 'LINK']
ARTICLE 4 64 2024-12-05 0 []
ARTICLE 5 64 2024-12-03 4 ['AVAX', 'METIS', 'RONIN', 'XRP']
ARTICLE 6 64 2024-11-27 2 ['SHIB', 'ZK']
ARTICLE 7 64 2024-11-20 0 []
ARTICLE 8 64 2024-11-19 4 ['ADA', 'DOGE', 'SUI', 'XRP']
ARTICLE 9 64 2024-11-14 0 []
ARTICLE 10 64 2024-11-12 1 ['BNB']
ARTICLE 11 64 2024-10-16 0 []
ARTICLE 12 64 2024-10-15 0 []
ARTICLE 13 64 2024-10-11 3 ['EIGEN', 'PEPE', 'SUI']
ARTICLE 14 64 2024-10-01 0 []
ARTICLE 15 64 2024-09-24 0 []
ARTICLE 17 64 2024-09-03 5 ['DOGS', 'RENDER', 'REZ', 'ZK', 'ZRO']
ARTICLE 18 64 2024-08-27 5 ['1000SATS', 'BONK', 'ETH', 'PEPE', 'SOL']
ARTICLE 19 64 2024-08-21 4 ['BANANA', 'BTC', 'LISTA', 'TAO']
ARTICLE 20 64 2024-08-14 0 []
ARTICLE 21 64 2024-07-17 3 ['BNB', 'PEPE', 'SOL']
ARTICLE 22 64 2024-07-11 0 []
ARTICLE 23 64 2024-07-02 0 []
ARTICLE 24 64 2024-06-20 0 []
ARTICLE 26 64 2024-06-12 0 []
ARTICLE 27 64 2024-06-04 0 []
ARTICLE 28 64 2024-05-30 0 []
ARTICLE 29 64 2024-05-29 0 []
ARTICLE 30 64 2024-05-28 0 []
ARTICLE 31 64 2024-05-24 0 []
ARTICLE 32 64 2024-05-22 2 ['BB', 'NOT']
ARTICLE 33 64 2024-05-16 0 []
ARTICLE 34 64 2024-05-14 0 []
ARTICLE 35 64 2024-05-07 0 []
ARTICLE 36 64 2024-04-29 0 []
ARTICLE 37 64 2024-04-25 0 []
ARTICLE 38 64 2024-04-23 0 []
ARTICLE 39 64 2024-04-18 0 []
ARTICLE 40 64 2024-04-16 1 ['TNSR']
ARTICLE 41 64 2024-04-10 0 []
ARTICLE 42 64 2024-04-08 0 []
ARTICLE 43 64 2024-04-04 0 []
ARTICLE 44 64 2024-04-04 3 ['BOME', 'JTO', 'WIF']
ARTICLE 45 64 2024-04-02 6 ['BCH', 'LQTY', 'LTC', 'MASK', 'PENDLE', 'RDNT']
ARTICLE 46 64 2024-03-26 1 ['ETHFI']
ARTICLE 47 64 2024-03-20 2 ['AEVO', 'BOME']
ARTICLE 48 64 2024-03-12 2 ['WIF', 'XRP']
ARTICLE 49 64 2024-03-06 2 ['AXL', 'PORTAL']
ARTICLE 50 64 2024-02-27 2 ['PIXEL', 'STRK']
ARTICLE 51 64 2024-02-22 5 ['BNB', 'DYM', 'ETH', 'PYTH', 'SOL']
ARTICLE 52 64 2024-02-06 0 []
ARTICLE 53 64 2024-02-01 0 []
ARTICLE 54 64 2024-01-25 1 ['MANTA']
ARTICLE 55 64 2024-01-23 3 ['CHZ', 'LINK', 'MANTA']
ARTICLE 56 64 2024-01-18 1 ['XAI']
ARTICLE 57 64 2024-01-10 2 ['AI', 'NFP']
ARTICLE 58 64 2024-01-04 1 ['ACE']
ARTICLE 59 64 2023-12-20 2 ['1000SATS', 'BONK']
ARTICLE 60 64 2023-12-13 3 ['BLUR', 'JTO', 'VANRY']
ARTICLE 61 64 2023-11-22 1 ['BEAMX']
ARTICLE 62 64 2023-11-08 1 ['TIA']
ARTICLE 63 64 2023-10-25 5 ['BTC', 'ETH', 'FLOKI', 'NTRN', 'PEPE']
ARTICLE 64 64 2023-10-18 2 ['NTRN', 'PENDLE']
{
  "title_count": 64,
  "parsed_articles": 62,
  "parse_errors": 2,
  "raw_events": 82,
  "raw_unique_tokens": 57,
  "independent_batches": 31,
  "post_event_returns_read": false
}
TOKENS ['1000SATS', 'ACE', 'ADA', 'AEVO', 'AI', 'AVAX', 'AXL', 'BANANA', 'BB', 'BCH', 'BEAMX', 'BLUR', 'BNB', 'BOME', 'BONK', 'BTC', 'CHZ', 'DOGE', 'DOGS', 'DYM', 'EIGEN', 'ETH', 'ETHFI', 'FLOKI', 'JTO', 'LINK', 'LISTA', 'LQTY', 'LTC', 'MANTA', 'MASK', 'METIS', 'NFP', 'NOT', 'NTRN', 'PENDLE', 'PEPE', 'PIXEL', 'PORTAL', 'PYTH', 'RDNT', 'RENDER', 'REZ', 'RONIN', 'SHIB', 'SOL', 'STRK', 'SUI', 'TAO', 'TIA', 'TNSR', 'VANRY', 'WIF', 'XAI', 'XRP', 'ZK', 'ZRO']
