EXCLUDED 1 84 NTRN history
EXCLUDED 2 84 PENDLE history
ELIGIBLE 3 84 BTC 25248118826.33
ELIGIBLE 4 84 ETH 7820619046.23
EXCLUDED 5 84 FLOKI history
EXCLUDED 6 84 NTRN history
EXCLUDED 7 84 PEPE history
EXCLUDED 8 84 TIA history
EXCLUDED 9 84 BEAMX history
EXCLUDED 10 84 BLUR history
EXCLUDED 11 84 JTO history
EXCLUDED 12 84 VANRY history
EXCLUDED 13 84 1000SATS history
EXCLUDED 14 84 BONK history
EXCLUDED 15 84 ACE history
EXCLUDED 16 84 AI history
EXCLUDED 17 84 NFP history
EXCLUDED 18 84 XAI history
ELIGIBLE 19 84 CHZ 144057802.43
ELIGIBLE 20 84 LINK 463422487.2
EXCLUDED 21 84 MANTA history
EXCLUDED 22 84 MANTA history
ELIGIBLE 23 84 BNB 1074867358.44
EXCLUDED 24 84 DYM history
ELIGIBLE 25 84 ETH 12285375616.63
EXCLUDED 26 84 PYTH history
ELIGIBLE 27 84 SOL 2500145806.31
EXCLUDED 28 84 PIXEL history
EXCLUDED 29 84 STRK history
EXCLUDED 30 84 AXL history
EXCLUDED 31 84 PORTAL history
EXCLUDED 32 84 WIF history
ELIGIBLE 33 84 XRP 3869236581.4
EXCLUDED 34 84 AEVO history
EXCLUDED 35 84 BOME history
EXCLUDED 36 84 ETHFI history
ELIGIBLE 37 84 BCH 1235636636.41
EXCLUDED 38 84 LQTY history
ELIGIBLE 39 84 LTC 830758097.74
ELIGIBLE 40 84 MASK 307436329.48
EXCLUDED 41 84 PENDLE history
EXCLUDED 42 84 RDNT history
EXCLUDED 43 84 BOME history
EXCLUDED 44 84 JTO history
EXCLUDED 45 84 WIF history
EXCLUDED 46 84 TNSR history
EXCLUDED 47 84 BB history
EXCLUDED 48 84 NOT history
EXCLUDED 49 84 IO history
ELIGIBLE 50 84 BNB 320971605.72
EXCLUDED 51 84 PEPE history
ELIGIBLE 52 84 SOL 2273821246.38
EXCLUDED 53 84 BANANA history
ELIGIBLE 54 84 BTC 15325710494.66
EXCLUDED 55 84 LISTA history
EXCLUDED 56 84 TAO history
EXCLUDED 57 84 1000SATS history
EXCLUDED 58 84 BONK history
ELIGIBLE 59 84 ETH 5560966689.19
EXCLUDED 60 84 PEPE history
ELIGIBLE 61 84 SOL 2902277383.1
EXCLUDED 62 84 DOGS history
EXCLUDED 63 84 RENDER history
EXCLUDED 64 84 REZ history
EXCLUDED 65 84 ZK history
EXCLUDED 66 84 ZRO history
ELIGIBLE 67 84 BTC 18643260765.89
EXCLUDED 68 84 EIGEN history
EXCLUDED 69 84 PEPE history
EXCLUDED 70 84 SUI history
ELIGIBLE 71 84 BNB 1691117485.36
ELIGIBLE 72 84 ADA 732772284.78
ELIGIBLE 73 84 DOGE 5482715762.51
EXCLUDED 74 84 SUI history
ELIGIBLE 75 84 XRP 3402224663.1
EXCLUDED 76 84 SHIB history
EXCLUDED 77 84 ZK history
ELIGIBLE 78 84 AVAX 1498844369.73
EXCLUDED 79 84 METIS history
EXCLUDED 80 84 RONIN history
ELIGIBLE 81 84 XRP 19725336071.48
ELIGIBLE 82 84 ADA 1908615000.48
ELIGIBLE 83 84 DOGE 8020793795.23
ELIGIBLE 84 84 LINK 1399059485.03
{
  "raw_events": 84,
  "raw_unique_tokens": 58,
  "raw_batches": 33,
  "eligible_events": 26,
  "eligible_unique_tokens": 13,
  "eligible_batches": 13,
  "excluded_by_reason": {
    "history_lt_730d_or_missing": 58
  },
  "coverage_gate_pass": true,
  "post_event_returns_read": false
}
ELIGIBLE_TOKENS ['ADA', 'AVAX', 'BCH', 'BNB', 'BTC', 'CHZ', 'DOGE', 'ETH', 'LINK', 'LTC', 'MASK', 'SOL', 'XRP']
