[Reading 34 lines from start (total: 34 lines, 0 remaining)]

OVERALL {'trades': 773, 'pf': 1.211221431698042, 'net': 1.420420271626001, 'wins': 397}
LOO PF min/max 1.1477439653815218 1.257754620931656
MONTHS 25 positive net 15 PF>1 15
QUARTERS 9 positive net 8 PF>1 8
TOP3 share positive net 0.6164227151569108
BOOT {'replicates': 10000, 'seed': 121, 'blocks_per_sample': 25, 'pf_q01': 0.9308146237808282, 'pf_q05': 1.015463305040314, 'pf_q10': 1.0572279115867496, 'pf_median': 1.2074873369941894, 'pf_q90': 1.3629731176027202, 'pf_q95': 1.4056284352054338, 'pf_q99': 1.480344905882782, 'fraction_pf_le_1': 0.0371, 'fraction_pf_le_observed': 0.5127}
BOTTOM SYMBOLS [('ZECUSDT', 0.8817533153817484, -0.09841047282099999), ('NEARUSDT', 0.8909092768225909, -0.066552105942), ('BNBUSDT', 0.9647417266307524, -0.01836160866999999), ('ONDOUSDT', 1.0929836580282406, 0.01562424091799999), ('AVAXUSDT', 1.0428998516477914, 0.019329623324999975)]
TOP SYMBOLS [('XRPUSDT', 2.387071611067495, 0.4777615653690001), ('ETHUSDT', 1.7522788663889157, 0.3297887380160001), ('BTCUSDT', 1.409012287027674, 0.18103421048600005), ('ADAUSDT', 1.2209703961215914, 0.12046214195500005), ('SUIUSDT', 1.2274648689672072, 0.119363956283)]
MONTH PFs
2024-08 10 4.465 0.117
2024-09 25 1.111 0.0248
2024-10 19 0.543 -0.1023
2024-11 42 1.203 0.0742
2024-12 6 6.555 0.0949
2025-01 16 0.882 -0.0185
2025-02 39 1.387 0.1214
2025-03 22 0.917 -0.0177
2025-04 15 0.736 -0.0416
2025-05 55 1.513 0.2151
2025-06 26 1.642 0.1246
2025-07 59 1.715 0.2988
2025-08 15 1.369 0.0443
2025-09 27 0.486 -0.1758
2025-10 44 0.858 -0.0659
2025-11 60 1.529 0.2478
2025-12 11 0.24 -0.119
2026-01 50 1.872 0.298
2026-02 60 1.324 0.164
2026-03 22 0.648 -0.0878
2026-04 5 1.774 0.0271
2026-05 33 0.373 -0.2738
2026-06 49 1.275 0.1183
2026-07 13 0.516 -0.0739
2026-08 50 2.509 0.4263

[executed on device: sorry510 (715fc246-cfb8-4384-b67f-225e7f07bdc3)]