ARTICLE 6925d618ab6b47e2936cc4614eaad64b events 218
ARTICLE d2a7ae9f33d44bf085782269afd4ddfc events 4
ARTICLE 99bb1634643e454cae9246dc43236785 events 7
{
  "articles": 3,
  "raw_events": 229,
  "raw_unique_tokens": 223,
  "raw_independent_articles": 3,
  "returns_read": false
}
EVENT 2021-08-26T06:00:00+00:00 MLN 0.01 -> 0.001 LONG
EVENT 2021-08-26T06:00:00+00:00 DEXE 0.1 -> 0.01 LONG
EVENT 2021-08-26T06:00:00+00:00 C98 1 -> 0.1 LONG
EVENT 2021-08-26T06:00:00+00:00 KLAY 1 -> 0.1 LONG
EVENT 2021-08-26T06:00:00+00:00 GTC 0.01 -> 0.1 SHORT
EVENT 2021-08-26T06:00:00+00:00 KAVA 0.01 -> 0.1 SHORT
EVENT 2021-08-26T06:00:00+00:00 DOCK 1 -> 10 SHORT
EVENT 2021-08-26T06:00:00+00:00 SAND 0.1 -> 1 SHORT
EVENT 2021-08-26T06:00:00+00:00 WNXM 0.001 -> 0.01 SHORT
EVENT 2021-08-26T06:00:00+00:00 BTG 0.001 -> 0.01 SHORT
EVENT 2021-08-26T06:00:00+00:00 MASK 0.01 -> 0.1 SHORT
EVENT 2021-08-26T06:00:00+00:00 ETC 0.001 -> 0.01 SHORT
EVENT 2021-08-26T06:00:00+00:00 NMR 0.001 -> 0.01 SHORT
EVENT 2021-08-26T06:00:00+00:00 CTSI 0.1 -> 1 SHORT
EVENT 2021-08-26T06:00:00+00:00 NANO 0.01 -> 0.1 SHORT
EVENT 2021-08-26T06:00:00+00:00 OMG 0.01 -> 0.1 SHORT
EVENT 2021-08-26T06:00:00+00:00 NEO 0.001 -> 0.01 SHORT
EVENT 2021-08-26T06:00:00+00:00 REN 0.1 -> 1 SHORT
EVENT 2021-08-26T06:00:00+00:00 SRM 0.01 -> 0.1 SHORT
EVENT 2021-08-26T06:00:00+00:00 TRB 0.001 -> 0.01 SHORT
EVENT 2021-08-26T06:00:00+00:00 EOS 0.01 -> 0.1 SHORT
EVENT 2021-08-26T06:00:00+00:00 BTC 0.000001 -> 0.00001 SHORT
EVENT 2021-08-26T06:00:00+00:00 FET 0.1 -> 1 SHORT
EVENT 2021-08-26T06:00:00+00:00 LIT 0.01 -> 0.1 SHORT
EVENT 2021-08-26T06:00:00+00:00 FTT 0.001 -> 0.01 SHORT
EVENT 2021-08-26T06:00:00+00:00 ANT 0.01 -> 0.1 SHORT
EVENT 2021-08-26T06:00:00+00:00 BNT 0.01 -> 0.1 SHORT
EVENT 2021-08-26T06:00:00+00:00 SOL 0.001 -> 0.01 SHORT
EVENT 2021-08-26T06:00:00+00:00 RLC 0.01 -> 0.1 SHORT
EVENT 2021-08-26T06:00:00+00:00 BNB 0.0001 -> 0.001 SHORT
EVENT 2021-08-26T06:00:00+00:00 LSK 0.01 -> 0.1 SHORT
EVENT 2021-08-26T06:00:00+00:00 YFI 0.000001 -> 0.00001 SHORT
EVENT 2021-08-26T06:00:00+00:00 AAVE 0.0001 -> 0.001 SHORT
EVENT 2021-08-26T06:00:00+00:00 XTZ 0.01 -> 0.1 SHORT
EVENT 2021-08-26T06:00:00+00:00 CHR 0.1 -> 1 SHORT
EVENT 2021-08-26T06:00:00+00:00 TFUEL 0.1 -> 1 SHORT
EVENT 2021-08-26T06:00:00+00:00 MKR 0.00001 -> 0.0001 SHORT
EVENT 2021-08-26T06:00:00+00:00 SKL 0.1 -> 1 SHORT
EVENT 2021-08-26T06:00:00+00:00 NKN 0.1 -> 1 SHORT
EVENT 2021-08-26T06:00:00+00:00 XLM 0.1 -> 1 SHORT
EVENT 2021-08-26T06:00:00+00:00 TOMO 0.01 -> 0.1 SHORT
EVENT 2021-08-26T06:00:00+00:00 XVS 0.001 -> 0.01 SHORT
EVENT 2021-08-26T06:00:00+00:00 CELO 0.01 -> 0.1 SHORT
EVENT 2021-08-26T06:00:00+00:00 CVC 0.1 -> 1 SHORT
EVENT 2021-08-26T06:00:00+00:00 CHZ 0.1 -> 1 SHORT
EVENT 2021-08-26T06:00:00+00:00 SUN 1 -> 10 SHORT
EVENT 2021-08-26T06:00:00+00:00 TCT 1 -> 10 SHORT
EVENT 2021-08-26T06:00:00+00:00 ETH 0.00001 -> 0.0001 SHORT
EVENT 2021-08-26T06:00:00+00:00 LTO 0.1 -> 1 SHORT
EVENT 2021-08-26T06:00:00+00:00 REP 0.001 -> 0.01 SHORT
EVENT 2021-08-26T06:00:00+00:00 LRC 0.1 -> 1 SHORT
EVENT 2021-08-26T06:00:00+00:00 IOST 1 -> 10 SHORT
EVENT 2021-08-26T06:00:00+00:00 FTM 0.1 -> 1 SHORT
EVENT 2021-08-26T06:00:00+00:00 ARDR 0.1 -> 1 SHORT
EVENT 2021-08-26T06:00:00+00:00 AKRO 1 -> 10 SHORT
EVENT 2021-08-26T06:00:00+00:00 LINK 0.001 -> 0.01 SHORT
EVENT 2021-08-26T06:00:00+00:00 NEAR 0.01 -> 0.1 SHORT
EVENT 2021-08-26T06:00:00+00:00 XVG 1 -> 10 SHORT
EVENT 2021-08-26T06:00:00+00:00 PSG 0.001 -> 0.01 SHORT
EVENT 2021-08-26T06:00:00+00:00 1INCH 0.01 -> 0.1 SHORT
EVENT 2021-08-26T06:00:00+00:00 BAR 0.001 -> 0.01 SHORT
EVENT 2021-08-26T06:00:00+00:00 BAL 0.001 -> 0.01 SHORT
EVENT 2021-08-26T06:00:00+00:00 HBAR 0.1 -> 1 SHORT
EVENT 2021-08-26T06:00:00+00:00 UNI 0.001 -> 0.01 SHORT
EVENT 2021-08-26T06:00:00+00:00 AVA 0.01 -> 0.1 SHORT
EVENT 2021-08-26T06:00:00+00:00 STMX 1 -> 10 SHORT
EVENT 2021-08-26T06:00:00+00:00 IOTX 1 -> 10 SHORT
EVENT 2021-08-26T06:00:00+00:00 KSM 0.0001 -> 0.001 SHORT
EVENT 2021-08-26T06:00:00+00:00 DOGE 0.1 -> 1 SHORT
EVENT 2021-08-26T06:00:00+00:00 MTL 0.01 -> 0.1 SHORT
EVENT 2021-08-26T06:00:00+00:00 FUN 1 -> 10 SHORT
EVENT 2021-08-26T06:00:00+00:00 STRAX 0.01 -> 0.1 SHORT
EVENT 2021-08-26T06:00:00+00:00 BEL 0.01 -> 0.1 SHORT
EVENT 2021-08-26T06:00:00+00:00 DOT 0.001 -> 0.01 SHORT
EVENT 2021-08-26T06:00:00+00:00 BTCST 0.001 -> 0.01 SHORT
EVENT 2021-08-26T06:00:00+00:00 WING 0.001 -> 0.01 SHORT
EVENT 2021-08-26T06:00:00+00:00 BLZ 0.1 -> 1 SHORT
EVENT 2021-08-26T06:00:00+00:00 CAKE 0.001 -> 0.01 SHORT
EVENT 2021-08-26T06:00:00+00:00 WAVES 0.001 -> 0.01 SHORT
EVENT 2021-08-26T06:00:00+00:00 PERP 0.001 -> 0.01 SHORT
EVENT 2021-08-26T06:00:00+00:00 FORTH 0.001 -> 0.01 SHORT
EVENT 2021-08-26T06:00:00+00:00 TKO 0.01 -> 0.1 SHORT
EVENT 2021-08-26T06:00:00+00:00 SC 1 -> 10 SHORT
EVENT 2021-08-26T06:00:00+00:00 REEF 1 -> 10 SHORT
EVENT 2021-08-26T06:00:00+00:00 COTI 0.1 -> 1 SHORT
EVENT 2021-08-26T06:00:00+00:00 STX 0.01 -> 0.1 SHORT
EVENT 2021-08-26T06:00:00+00:00 DNT 0.1 -> 1 SHORT
EVENT 2021-08-26T06:00:00+00:00 ATM 0.001 -> 0.01 SHORT
EVENT 2021-08-26T06:00:00+00:00 ENJ 0.01 -> 0.1 SHORT
EVENT 2021-08-26T06:00:00+00:00 LUNA 0.001 -> 0.01 SHORT
EVENT 2021-08-26T06:00:00+00:00 ADA 0.01 -> 0.1 SHORT
EVENT 2021-08-26T06:00:00+00:00 HNT 0.001 -> 0.01 SHORT
EVENT 2021-08-26T06:00:00+00:00 DCR 0.0001 -> 0.001 SHORT
EVENT 2021-08-26T06:00:00+00:00 AVAX 0.001 -> 0.01 SHORT
EVENT 2021-08-26T06:00:00+00:00 JUV 0.001 -> 0.01 SHORT
EVENT 2021-08-26T06:00:00+00:00 ATOM 0.001 -> 0.01 SHORT
EVENT 2021-08-26T06:00:00+00:00 CTK 0.01 -> 0.1 SHORT
EVENT 2021-08-26T06:00:00+00:00 POLS 0.01 -> 0.1 SHORT
EVENT 2021-08-26T06:00:00+00:00 BADGER 0.001 -> 0.01 SHORT
EVENT 2021-08-26T06:00:00+00:00 MDX 0.01 -> 0.1 SHORT
EVENT 2021-08-26T06:00:00+00:00 DEGO 0.001 -> 0.01 SHORT
EVENT 2021-08-26T06:00:00+00:00 AUDIO 0.01 -> 0.1 SHORT
EVENT 2021-08-26T06:00:00+00:00 WRX 0.01 -> 0.1 SHORT
EVENT 2021-08-26T06:00:00+00:00 CKB 1 -> 10 SHORT
EVENT 2021-08-26T06:00:00+00:00 ICX 0.01 -> 0.1 SHORT
EVENT 2021-08-26T06:00:00+00:00 SUSD 0.01 -> 0.1 SHORT
EVENT 2021-08-26T06:00:00+00:00 STORJ 0.01 -> 1 SHORT
EVENT 2021-08-26T06:00:00+00:00 EGLD 0.0001 -> 0.01 SHORT
EVENT 2021-08-26T06:00:00+00:00 ANKR 0.1 -> 10 SHORT
EVENT 2021-08-26T06:00:00+00:00 DATA 0.1 -> 10 SHORT
EVENT 2021-08-26T06:00:00+00:00 MFT 1 -> 100 SHORT
EVENT 2021-08-26T06:00:00+00:00 SFP 0.01 -> 1 SHORT
EVENT 2021-08-26T06:00:00+00:00 SNX 0.001 -> 0.1 SHORT
EVENT 2021-08-26T06:00:00+00:00 HARD 0.01 -> 1 SHORT
EVENT 2021-08-26T06:00:00+00:00 IOTA 0.01 -> 1 SHORT
EVENT 2021-08-26T06:00:00+00:00 ACM 0.001 -> 0.1 SHORT
EVENT 2021-08-26T06:00:00+00:00 UNFI 0.001 -> 0.1 SHORT
EVENT 2021-08-26T06:00:00+00:00 UMA 0.001 -> 0.1 SHORT
EVENT 2021-08-26T06:00:00+00:00 VET 0.1 -> 10 SHORT
EVENT 2021-08-26T06:00:00+00:00 ZRX 0.01 -> 1 SHORT
EVENT 2021-08-26T06:00:00+00:00 ALGO 0.01 -> 1 SHORT
EVENT 2021-08-26T06:00:00+00:00 KMD 0.01 -> 1 SHORT
EVENT 2021-08-26T06:00:00+00:00 SUSHI 0.001 -> 0.1 SHORT
EVENT 2021-08-26T06:00:00+00:00 ONT 0.01 -> 1 SHORT
EVENT 2021-08-26T06:00:00+00:00 ZIL 0.1 -> 10 SHORT
EVENT 2021-08-26T06:00:00+00:00 MBL 1 -> 100 SHORT
EVENT 2021-08-26T06:00:00+00:00 QTUM 0.001 -> 0.1 SHORT
EVENT 2021-08-26T06:00:00+00:00 IRIS 0.1 -> 10 SHORT
EVENT 2021-08-26T06:00:00+00:00 OGN 0.01 -> 1 SHORT
EVENT 2021-08-26T06:00:00+00:00 ONG 0.01 -> 1 SHORT
EVENT 2021-08-26T06:00:00+00:00 ONE 0.1 -> 10 SHORT
EVENT 2021-08-26T06:00:00+00:00 ROSE 0.1 -> 10 SHORT
EVENT 2021-08-26T06:00:00+00:00 ASR 0.001 -> 0.1 SHORT
EVENT 2021-08-26T06:00:00+00:00 PNT 0.01 -> 1 SHORT
EVENT 2021-08-26T06:00:00+00:00 XRP 0.01 -> 1 SHORT
EVENT 2021-08-26T06:00:00+00:00 TROY 1 -> 100 SHORT
EVENT 2021-08-26T06:00:00+00:00 RUNE 0.001 -> 0.1 SHORT
EVENT 2021-08-26T06:00:00+00:00 COCOS 0.01 -> 1 SHORT
EVENT 2021-08-26T06:00:00+00:00 RVN 0.1 -> 10 SHORT
EVENT 2021-08-26T06:00:00+00:00 KEY 1 -> 100 SHORT
EVENT 2021-08-26T06:00:00+00:00 MANA 0.01 -> 1 SHORT
EVENT 2021-08-26T06:00:00+00:00 GRT 0.01 -> 1 SHORT
EVENT 2021-08-26T06:00:00+00:00 ALPHA 0.01 -> 1 SHORT
EVENT 2021-08-26T06:00:00+00:00 INJ 0.001 -> 0.1 SHORT
EVENT 2021-08-26T06:00:00+00:00 PERL 0.1 -> 10 SHORT
EVENT 2021-08-26T06:00:00+00:00 TRX 0.1 -> 10 SHORT
EVENT 2021-08-26T06:00:00+00:00 BAND 0.001 -> 0.1 SHORT
EVENT 2021-08-26T06:00:00+00:00 BAT 0.01 -> 1 SHORT
EVENT 2021-08-26T06:00:00+00:00 WAN 0.01 -> 1 SHORT
EVENT 2021-08-26T06:00:00+00:00 ORN 0.001 -> 0.1 SHORT
EVENT 2021-08-26T06:00:00+00:00 HOT 1 -> 100 SHORT
EVENT 2021-08-26T06:00:00+00:00 VTHO 1 -> 100 SHORT
EVENT 2021-08-26T06:00:00+00:00 THETA 0.001 -> 0.1 SHORT
EVENT 2021-08-26T06:00:00+00:00 VITE 0.1 -> 10 SHORT
EVENT 2021-08-26T06:00:00+00:00 WTC 0.01 -> 1 SHORT
EVENT 2021-08-26T06:00:00+00:00 FIL 0.0001 -> 0.01 SHORT
EVENT 2021-08-26T06:00:00+00:00 BCH 0.00001 -> 0.001 SHORT
EVENT 2021-08-26T06:00:00+00:00 BEAM 0.01 -> 1 SHORT
EVENT 2021-08-26T06:00:00+00:00 FIRO 0.001 -> 0.1 SHORT
EVENT 2021-08-26T06:00:00+00:00 OCEAN 0.01 -> 1 SHORT
EVENT 2021-08-26T06:00:00+00:00 JST 0.1 -> 10 SHORT
EVENT 2021-08-26T06:00:00+00:00 STPT 0.1 -> 10 SHORT
EVENT 2021-08-26T06:00:00+00:00 DGB 0.1 -> 10 SHORT
EVENT 2021-08-26T06:00:00+00:00 GXS 0.01 -> 1 SHORT
EVENT 2021-08-26T06:00:00+00:00 FLM 0.01 -> 1 SHORT
EVENT 2021-08-26T06:00:00+00:00 OG 0.001 -> 0.1 SHORT
EVENT 2021-08-26T06:00:00+00:00 BTS 0.1 -> 10 SHORT
EVENT 2021-08-26T06:00:00+00:00 YFII 0.000001 -> 0.0001 SHORT
EVENT 2021-08-26T06:00:00+00:00 ARPA 0.1 -> 10 SHORT
EVENT 2021-08-26T06:00:00+00:00 MITH 0.1 -> 10 SHORT
EVENT 2021-08-26T06:00:00+00:00 HIVE 0.01 -> 1 SHORT
EVENT 2021-08-26T06:00:00+00:00 TWT 0.01 -> 1 SHORT
EVENT 2021-08-26T06:00:00+00:00 COMP 0.00001 -> 0.001 SHORT
EVENT 2021-08-26T06:00:00+00:00 NULS 0.01 -> 1 SHORT
EVENT 2021-08-26T06:00:00+00:00 RSR 0.1 -> 10 SHORT
EVENT 2021-08-26T06:00:00+00:00 GTO 0.1 -> 10 SHORT
EVENT 2021-08-26T06:00:00+00:00 CELR 0.1 -> 10 SHORT
EVENT 2021-08-26T06:00:00+00:00 MIR 0.001 -> 0.1 SHORT
EVENT 2021-08-26T06:00:00+00:00 BTT 1 -> 100 SHORT
EVENT 2021-08-26T06:00:00+00:00 OXT 0.01 -> 1 SHORT
EVENT 2021-08-26T06:00:00+00:00 TLM 0.01 -> 1 SHORT
EVENT 2021-08-26T06:00:00+00:00 MDT 0.1 -> 10 SHORT
EVENT 2021-08-26T06:00:00+00:00 BZRX 0.01 -> 1 SHORT
EVENT 2021-08-26T06:00:00+00:00 DENT 1 -> 100 SHORT
EVENT 2021-08-26T06:00:00+00:00 UTK 0.01 -> 1 SHORT
EVENT 2021-08-26T06:00:00+00:00 XMR 0.00001 -> 0.001 SHORT
EVENT 2021-08-26T06:00:00+00:00 SXP 0.001 -> 0.1 SHORT
EVENT 2021-08-26T06:00:00+00:00 RAMP 0.01 -> 1 SHORT
EVENT 2021-08-26T06:00:00+00:00 RIF 0.01 -> 1 SHORT
EVENT 2021-08-26T06:00:00+00:00 PAXG 0.000001 -> 0.0001 SHORT
EVENT 2021-08-26T06:00:00+00:00 FIO 0.01 -> 1 SHORT
EVENT 2021-08-26T06:00:00+00:00 XEM 0.01 -> 1 SHORT
EVENT 2021-08-26T06:00:00+00:00 KNC 0.001 -> 0.1 SHORT
EVENT 2021-08-26T06:00:00+00:00 CRV 0.001 -> 0.1 SHORT
EVENT 2021-08-26T06:00:00+00:00 DASH 0.00001 -> 0.001 SHORT
EVENT 2021-08-26T06:00:00+00:00 PUNDIX 0.001 -> 0.1 SHORT
EVENT 2021-08-26T06:00:00+00:00 TRU 0.01 -> 1 SHORT
EVENT 2021-08-26T06:00:00+00:00 CTXC 0.01 -> 1 SHORT
EVENT 2021-08-26T06:00:00+00:00 LTC 0.00001 -> 0.001 SHORT
EVENT 2021-08-26T06:00:00+00:00 DIA 0.001 -> 0.1 SHORT
EVENT 2021-08-26T06:00:00+00:00 OM 0.01 -> 1 SHORT
EVENT 2021-08-26T06:00:00+00:00 COS 0.1 -> 10 SHORT
EVENT 2021-08-26T06:00:00+00:00 DODO 0.001 -> 0.1 SHORT
EVENT 2021-08-26T06:00:00+00:00 AION 0.01 -> 1 SHORT
EVENT 2021-08-26T06:00:00+00:00 NBS 0.1 -> 10 SHORT
EVENT 2021-08-26T06:00:00+00:00 ZEC 0.00001 -> 0.001 SHORT
EVENT 2021-08-26T06:00:00+00:00 DUSK 0.01 -> 1 SHORT
EVENT 2021-08-26T06:00:00+00:00 FIS 0.001 -> 1 SHORT
EVENT 2021-08-26T06:00:00+00:00 AUTO 0.000001 -> 0.001 SHORT
EVENT 2021-08-26T06:00:00+00:00 SUPER 0.001 -> 1 SHORT
EVENT 2021-08-26T06:00:00+00:00 POND 0.01 -> 10 SHORT
EVENT 2021-08-26T06:00:00+00:00 ZEN 0.00001 -> 0.01 SHORT
EVENT 2021-08-26T06:00:00+00:00 EPS 0.001 -> 1 SHORT
EVENT 2021-08-26T06:00:00+00:00 DREP 0.001 -> 1 SHORT
EVENT 2021-08-26T06:00:00+00:00 LINA 0.01 -> 10 SHORT
EVENT 2021-08-26T06:00:00+00:00 WIN 1 -> 1000 SHORT
EVENT 2021-08-26T06:00:00+00:00 CFX 0.001 -> 1 SHORT
EVENT 2021-08-26T06:00:00+00:00 SHIB 1 -> 100000 SHORT
EVENT 2024-04-29T05:00:00+00:00 FET 1 -> 0.1 LONG
EVENT 2024-04-29T05:00:00+00:00 INJ 0.1 -> 0.01 LONG
EVENT 2024-04-29T07:00:00+00:00 SOL 0.01 -> 0.001 LONG
EVENT 2024-04-29T07:00:00+00:00 TIA 0.1 -> 0.01 LONG
EVENT 2024-06-19T07:00:00+00:00 AI 1 -> 0.1 LONG
EVENT 2024-06-19T07:00:00+00:00 ARKM 1 -> 0.1 LONG
EVENT 2024-06-19T09:00:00+00:00 FRONT 1 -> 0.1 LONG
EVENT 2024-06-19T09:00:00+00:00 PHB 1 -> 0.1 LONG
EVENT 2024-06-19T09:00:00+00:00 LINA 0.01 -> 1 SHORT
EVENT 2024-06-19T09:00:00+00:00 POND 0.01 -> 1 SHORT
EVENT 2024-06-19T09:00:00+00:00 TRB 0.01 -> 0.001 LONG
