{
  "events": 8524,
  "mixed": 3379,
  "mismatch": 0,
  "freq": 13.604195166438668,
  "mean_r1": 0.00025609449665317356,
  "mean_r4": 0.0005535539335927419,
  "mean_r12": 0.00048528416315292286,
  "positive_symbols": "4/6",
  "2023": 0.0007829011043349265,
  "2024": 0.0002137095390139924,
  "long_r12": 0.0018085203259783497,
  "short_r12": -0.0007543665297189795,
  "votes": {
    "LONG_2votes": 3681,
    "LONG_3votes": 437,
    "LONG_4votes": 5,
    "SHORT_2votes": 3911,
    "SHORT_3votes": 478,
    "SHORT_4votes": 12
  },
  "gate_pass": false
}
