VISION 40 / 200
VISION 80 / 200
VISION 120 / 200
VISION 160 / 200
VISION 200 / 200
PRICE btc 762 2022-12-01 2024-12-31 onboard 2020-01-01
PRICE eth 762 2022-12-01 2024-12-31 onboard 2020-01-01
PRICE xrp 762 2022-12-01 2024-12-31 onboard 2020-01-06
PRICE ada 762 2022-12-01 2024-12-31 onboard 2020-01-31
PRICE bch 762 2022-12-01 2024-12-31 onboard 2020-01-01
PRICE ltc 762 2022-12-01 202PRICE zec 762 2022-12-01 2024-12-31 onboard 2020-02-05
EVENTS btc 120
EVENTS eth 59
EVENTS xrp 86
EVENTS ada 128
EVENTS bch 165
EVENTS ltc 112
EVENTS doge 145
EVENTS zec 131
{
  "events": 946,
  "triggered_symbols": 8,
  "positive_symbols": "3/8",
  "frequency_per_symbol_week": 1.1323529411764706,
  "mean_r1": -0.0006272080184761087,
  "mean_r3": -0.0017713416789184766,
  "mean_r7": -0.0020942427706843944,
  "2023_r7": -0.003177635660446473,
  "2024_r7": -0.0011154833994506553,
  "gate_pass": false
}
-0.003177635660446473,
  "2024_r7": -0.0011154833994506553,
  "gate_pass": false
}
