ARTICLE 1 9 98315efae83841a2bb71046d4bbae204 events 2
ARTICLE 2 9 33ddfb48e3f44c56a3131f9f0fd145a2 events 1
ARTICLE 3 9 bdb9b2ed43524fe4afeeb41b19481900 events 3
ARTICLE 4 9 cb9bf7716ffb4bbb944b2d858af5a639 events 9
ARTICLE 5 9 50df6c9af8f14d09937a01956779d2a3 events 6
ARTICLE 6 9 08f043a4f20d4f0290817ece13b3d7f4 events 8
ARTICLE 7 9 fa192e78242d4d96be9562ab7d76a10a events 12
ARTICLE 8 9 f9baa987cd944e75b3e06c297bca05f7 events 11
ARTICLE 9 9 0d330d9e556e44c68dacbc902306c907 events 2
{
  "missing_articles": 9,
  "parsed_articles": 9,
  "parse_errors": 0,
  "raw_events": 54,
  "raw_unique_symbols": 53,
  "independent_articles": 9,
  "long": 52,
  "short": 2,
  "returns_read": false
}
EVENT 2023-02-10T06:30:00Z APTUSDT 0.0001 -> 0.001 SHORT
EVENT 2023-02-10T06:30:00Z OCEANUSDT 0.00001 -> 0.0001 SHORT
EVENT 2023-05-05T06:30:00Z BNXUSDT 0.001 -> 0.0001 LONG
EVENT 2023-06-05T06:30:00Z SUSHIUSDT 0.001 -> 0.0001 LONG
EVENT 2023-06-05T06:30:00Z 1000LUNCUSDT 0.0001 -> 0.00001 LONG
EVENT 2023-06-05T06:30:00Z OMGUSDT 0.001 -> 0.0001 LONG
EVENT 2024-02-05T06:30:00Z LOOMUSDT 0.0001 -> 0.00001 LONG
EVENT 2024-02-05T06:30:00Z LSKUSDT 0.001 -> 0.0001 LONG
EVENT 2024-02-05T06:30:00Z LEVERUSDT 0.000001 -> 0.0000001 LONG
EVENT 2024-02-05T06:30:00Z APEUSDT 0.001 -> 0.0001 LONG
EVENT 2024-02-05T06:30:00Z TLMUSDT 0.00001 -> 0.000001 LONG
EVENT 2024-02-05T06:30:00Z HIGHUSDT 0.001 -> 0.0001 LONG
EVENT 2024-02-05T06:30:00Z POLYXUSDT 0.0001 -> 0.00001 LONG
EVENT 2024-02-05T06:30:00Z ACHUSDT 0.00001 -> 0.000001 LONG
EVENT 2024-02-05T06:30:00Z DODOXUSDT 0.00001 -> 0.000001 LONG
EVENT 2024-06-21T06:30:00Z LRCUSDT 0.0001 -> 0.00001 LONG
EVENT 2024-06-21T06:30:00Z GMTUSDT 0.0001 -> 0.00001 LONG
EVENT 2024-06-21T06:30:00Z EGLDUSDT 0.01 -> 0.001 LONG
EVENT 2024-06-21T06:30:00Z REZUSDT 0.0001 -> 0.00001 LONG
EVENT 2024-06-21T06:30:00Z ENJUSDT 0.0001 -> 0.00001 LONG
EVENT 2024-06-21T06:30:00Z DYMUSDT 0.001 -> 0.0001 LONG
EVENT 2024-07-25T06:30:00Z HFTUSDT 0.0001 -> 0.00001 LONG
EVENT 2024-07-25T06:30:00Z ETHWUSDT 0.001 -> 0.0001 LONG
EVENT 2024-07-25T06:30:00Z KSMUSDT 0.01 -> 0.001 LONG
EVENT 2024-07-25T06:30:00Z BADGERUSDT 0.001 -> 0.0001 LONG
EVENT 2024-07-25T06:30:00Z MAVUSDT 0.0001 -> 0.00001 LONG
EVENT 2024-07-25T06:30:00Z MASKUSDT 0.001 -> 0.0001 LONG
EVENT 2024-07-25T06:30:00Z BNTUSDT 0.0001 -> 0.00001 LONG
EVENT 2024-07-25T06:30:00Z ZKUSDT 0.0001 -> 0.00001 LONG
EVENT 2024-09-20T06:30:00Z APTUSDT 0.001 -> 0.0001 LONG
EVENT 2024-09-20T06:30:00Z ASTRUSDT 0.00001 -> 0.000001 LONG
EVENT 2024-09-20T06:30:00Z JOEUSDT 0.0001 -> 0.00001 LONG
EVENT 2024-09-20T06:30:00Z KEYUSDT 0.000001 -> 0.0000001 LONG
EVENT 2024-09-20T06:30:00Z XVGUSDT 0.000001 -> 0.0000001 LONG
EVENT 2024-09-20T06:30:00Z BIGTIMEUSDT 0.0001 -> 0.00001 LONG
EVENT 2024-09-20T06:30:00Z ILVUSDT 0.01 -> 0.001 LONG
EVENT 2024-09-20T06:30:00Z GLMUSDT 0.0001 -> 0.00001 LONG
EVENT 2024-09-20T06:30:00Z ETHFIUSDT 0.001 -> 0.0001 LONG
EVENT 2024-09-20T06:30:00Z TURBOUSDT 0.000001 -> 0.0000001 LONG
EVENT 2024-09-20T06:30:00Z ZROUSDT 0.001 -> 0.0001 LONG
EVENT 2024-09-20T06:30:00Z RPLUSDT 0.01 -> 0.001 LONG
EVENT 2024-11-04T06:30:00Z NEIROETHUSDT 0.0001 -> 0.00001 LONG
EVENT 2024-11-04T06:30:00Z EIGENUSDT 0.001 -> 0.0001 LONG
EVENT 2024-11-04T06:30:00Z SANDUSDT 0.0001 -> 0.00001 LONG
EVENT 2024-11-04T06:30:00Z POLUSDT 0.0001 -> 0.00001 LONG
EVENT 2024-11-04T06:30:00Z SCRUSDT 0.001 -> 0.0001 LONG
EVENT 2024-11-04T06:30:00Z RAREUSDT 0.0001 -> 0.00001 LONG
EVENT 2024-11-04T06:30:00Z SYSUSDT 0.0001 -> 0.00001 LONG
EVENT 2024-11-04T06:30:00Z BLURUSDT 0.0001 -> 0.00001 LONG
EVENT 2024-11-04T06:30:00Z ORBSUSDT 0.00001 -> 0.000001 LONG
EVENT 2024-11-04T06:30:00Z USTCUSDT 0.00001 -> 0.000001 LONG
EVENT 2024-11-04T06:30:00Z GHSTUSDT 0.001 -> 0.0001 LONG
EVENT 2024-11-29T06:00:00Z 1000WHYUSDT 0.000001 -> 0.0000001 LONG
EVENT 2024-11-29T06:00:00Z 1000CHEEMSUSDT 0.000001 -> 0.0000001 LONG
