CHECK 10 / 54
CHECK 20 / 54
CHECK 30 / 54
CHECK 40 / 54
CHECK 50 / 54
CHECK 54 / 54
{
  "raw_events": 54,
  "raw_unique_symbols": 53,
  "raw_articles": 9,
  "eligible_events": 10,
  "eligible_unique_symbols": 10,
  "eligible_articles": 5,
  "eligible_long": 9,
  "eligible_short": 1,
  "excluded_by_reason": {
    "history_lt_2y": 43,
    "qv_lt_5m": 1
  },
  "feasibility_gate_pass": true,
  "returns_read": false
}
ELIGIBLE 2023-02-10T06:30:00Z OCEANUSDT 0.00001 -> 0.0001 SHORT 402566577
ELIGIBLE 2023-06-05T06:30:00Z OMGUSDT 0.001 -> 0.0001 LONG 30634775
ELIGIBLE 2023-06-05T06:30:00Z SUSHIUSDT 0.001 -> 0.0001 LONG 29620078
ELIGIBLE 2024-06-21T06:30:00Z EGLDUSDT 0.01 -> 0.001 LONG 10463699
ELIGIBLE 2024-06-21T06:30:00Z ENJUSDT 0.0001 -> 0.00001 LONG 7959743
ELIGIBLE 2024-06-21T06:30:00Z GMTUSDT 0.0001 -> 0.00001 LONG 39126892
ELIGIBLE 2024-06-21T06:30:00Z LRCUSDT 0.0001 -> 0.00001 LONG 8386305
ELIGIBLE 2024-07-25T06:30:00Z KSMUSDT 0.01 -> 0.001 LONG 7549087
ELIGIBLE 2024-07-25T06:30:00Z MASKUSDT 0.001 -> 0.0001 LONG 15138091
ELIGIBLE 2024-11-04T06:30:00Z SANDUSDT 0.0001 -> 0.00001 LONG 22597085
