{
  "events": 26,
  "unique_tokens": 13,
  "batches": 13,
  "mean_r1": -0.005283697161825083,
  "mean_r4": -0.01413004423668864,
  "mean_r12": -0.01425453741437064,
  "batch_equal_r12": -0.013005810398560367,
  "positive_tokens": "4/13",
  "positive_batches": "4/13",
  "by_year": {
    "2023": {
      "n": 2,
      "mean_r1": 0.004547426008880567,
      "mean_r4": -0.007730396304379716,
      "mean_r12": 0.0171451287919902,
      "win_r12": 1.0
    },
    "2024": {
      "n": 24,
      "mean_r1": -0.006102957426050554,
      "mean_r4": -0.014663348231047717,
      "mean_r12": -0.01687117626490071,
      "win_r12": 0.2916666666666667
    }
  },
  "gate_pass": false
}
