ARTICLE 1 8 0806a835368b409e8d5ebd84d9fdc4ed events 8
ARTICLE 2 8 4e842671311c4ae9814e4da9ef47fcef events 7
ARTICLE 3 8 3f0978bcf69643aeb29424d45c9b810c events 8
ARTICLE 4 8 b9fad723c9c64240801d0e11dd77faa8 events 7
ARTICLE 5 8 46c4df1054f846fcbaf13f99e1c5ef62 events 7
ARTICLE 6 8 efb7b020fccb40abadc50abcf1b7ebe6 events 6
ARTICLE 7 8 51bb9a7a59d2472cbd0c2b3ff38fe9bd events 6
ARTICLE 8 8 df3bce847c8345b4b8f0030106f61327 events 6
{
  "articles": 8,
  "parsed_articles": 8,
  "parse_errors": 0,
  "raw_events": 55,
  "raw_unique_assets": 44,
  "independent_articles": 8,
  "long": 47,
  "short": 8,
  "returns_read": false
}
EVENT 2024-06-10T06:00:00+00:00 LINK 90.0 -> 80.0 SHORT
EVENT 2024-06-10T06:00:00+00:00 AAVE 90.0 -> 80.0 SHORT
EVENT 2024-06-10T06:00:00+00:00 PAXG 90.0 -> 80.0 SHORT
EVENT 2024-06-10T06:00:00+00:00 DOT 90.0 -> 80.0 SHORT
EVENT 2024-06-10T06:00:00+00:00 MATIC 85.0 -> 80.0 SHORT
EVENT 2024-06-10T06:00:00+00:00 FLUX 70.0 -> 40.0 SHORT
EVENT 2024-06-10T06:00:00+00:00 PYR 70.0 -> 40.0 SHORT
EVENT 2024-06-10T06:00:00+00:00 WOO 70.0 -> 40.0 SHORT
EVENT 2024-06-28T06:00:00+00:00 PEPE 45.0 -> 60.0 LONG
EVENT 2024-06-28T06:00:00+00:00 WIF 45.0 -> 60.0 LONG
EVENT 2024-06-28T06:00:00+00:00 NOT 10.0 -> 40.0 LONG
EVENT 2024-06-28T06:00:00+00:00 LISTA 10.0 -> 30.0 LONG
EVENT 2024-06-28T06:00:00+00:00 ZRO 10.0 -> 30.0 LONG
EVENT 2024-06-28T06:00:00+00:00 ZK 10.0 -> 30.0 LONG
EVENT 2024-06-28T06:00:00+00:00 IO 10.0 -> 30.0 LONG
EVENT 2024-07-30T06:00:00+00:00 PEPE 60.0 -> 75.0 LONG
EVENT 2024-07-30T06:00:00+00:00 NOT 40.0 -> 75.0 LONG
EVENT 2024-07-30T06:00:00+00:00 NEAR 45.0 -> 75.0 LONG
EVENT 2024-07-30T06:00:00+00:00 BONK 50.0 -> 75.0 LONG
EVENT 2024-07-30T06:00:00+00:00 ZRO 30.0 -> 50.0 LONG
EVENT 2024-07-30T06:00:00+00:00 IO 30.0 -> 50.0 LONG
EVENT 2024-07-30T06:00:00+00:00 BB 10.0 -> 35.0 LONG
EVENT 2024-07-30T06:00:00+00:00 BANANA 10.0 -> 25.0 LONG
EVENT 2024-09-03T06:00:00+00:00 FLOKI 35.0 -> 40.0 LONG
EVENT 2024-09-03T06:00:00+00:00 TON 20.0 -> 30.0 LONG
EVENT 2024-09-03T06:00:00+00:00 DOGS 10.0 -> 30.0 LONG
EVENT 2024-09-03T06:00:00+00:00 RENDER 10.0 -> 30.0 LONG
EVENT 2024-09-03T06:00:00+00:00 SUN 10.0 -> 30.0 LONG
EVENT 2024-09-03T06:00:00+00:00 RARE 10.0 -> 30.0 LONG
EVENT 2024-09-03T06:00:00+00:00 ADX 10.0 -> 20.0 LONG
EVENT 2024-10-03T06:00:00+00:00 SUI 45.0 -> 55.0 LONG
EVENT 2024-10-03T06:00:00+00:00 FET 45.0 -> 55.0 LONG
EVENT 2024-10-03T06:00:00+00:00 TIA 50.0 -> 55.0 LONG
EVENT 2024-10-03T06:00:00+00:00 OM 35.0 -> 50.0 LONG
EVENT 2024-10-03T06:00:00+00:00 TON 30.0 -> 40.0 LONG
EVENT 2024-10-03T06:00:00+00:00 NEIRO 10.0 -> 30.0 LONG
EVENT 2024-10-03T06:00:00+00:00 CATI 10.0 -> 20.0 LONG
EVENT 2024-11-01T06:00:00+00:00 SUI 55.0 -> 60.0 LONG
EVENT 2024-11-01T06:00:00+00:00 TON 40.0 -> 50.0 LONG
EVENT 2024-11-01T06:00:00+00:00 NEIRO 30.0 -> 40.0 LONG
EVENT 2024-11-01T06:00:00+00:00 EIGEN 10.0 -> 20.0 LONG
EVENT 2024-11-01T06:00:00+00:00 TURBO 10.0 -> 20.0 LONG
EVENT 2024-11-01T06:00:00+00:00 SCR 10.0 -> 20.0 LONG
EVENT 2024-11-29T06:00:00+00:00 NEIRO 40.0 -> 50.0 LONG
EVENT 2024-11-29T06:00:00+00:00 APT 45.0 -> 50.0 LONG
EVENT 2024-11-29T06:00:00+00:00 BOME 45.0 -> 50.0 LONG
EVENT 2024-11-29T06:00:00+00:00 WLD 45.0 -> 50.0 LONG
EVENT 2024-11-29T06:00:00+00:00 PNUT 10.0 -> 35.0 LONG
EVENT 2024-11-29T06:00:00+00:00 ACT 10.0 -> 25.0 LONG
EVENT 2024-12-17T06:00:00+00:00 PNUT 35.0 -> 45.0 LONG
EVENT 2024-12-17T06:00:00+00:00 1MBABYDOGE 10.0 -> 20.0 LONG
EVENT 2024-12-17T06:00:00+00:00 EIGEN 10.0 -> 20.0 LONG
EVENT 2024-12-17T06:00:00+00:00 RSR 10.0 -> 20.0 LONG
EVENT 2024-12-17T06:00:00+00:00 MOVE 10.0 -> 20.0 LONG
EVENT 2024-12-17T06:00:00+00:00 ME 10.0 -> 20.0 LONG
