{
  "events": 74,
  "unique_tokens": 38,
  "batches": 43,
  "mean_r1": -0.0016617688227078895,
  "mean_r4": -0.0017905409588719185,
  "mean_r12": -0.00776755319879332,
  "batch_equal_r12": -0.004518341580549324,
  "positive_tokens": "15/38",
  "positive_batches": "17/43",
  "by_year": {
    "2023": {
      "n": 44,
      "mean_r1": -0.002362101485165399,
      "mean_r4": -0.003499333676155071,
      "mean_r12": -0.014356747517927206,
      "win_r12": 0.2727272727272727
    },
    "2024": {
      "n": 30,
      "mean_r1": -0.0006346142511035432,
      "mean_r4": 0.0007156883598100388,
      "mean_r12": 0.0018965984692697108,
      "win_r12": 0.5
    }
  },
  "gate_pass": false
}
