PROGRESS 25 / 137
PROGRESS 50 / 137
PROGRESS 75 / 137
PROGRESS 100 / 137
PROGRESS 125 / 137
{
  "events": 137,
  "tokens": 50,
  "batches": 11,
  "mean_r1": -0.0009985013366875615,
  "mean_r4": -0.0016605826514547856,
  "mean_r12": 0.005312393237114959,
  "batch_equal_mean_r12": 0.0048192955864400505,
  "positive_tokens": "38/50",
  "positive_batches": "5/11",
  "gate_pass": false,
  "errors": 0
}
MONTH 2023-07 {'n': 9, 'mean_r1': 0.0004990254407420707, 'mean_r4': -0.004757665154132646, 'mean_r12': -0.004427054725823722, 'win_r12': 0.2222222222222222}
MONTH 2023-08 {'n': 34, 'mean_r1': 0.002083140531522768, 'mean_r4': 0.0038342294040039923, 'mean_r12': -0.0048941679679395, 'win_r12': 0.4117647058823529}
MONTH 2023-09 {'n': 5, 'mean_r1': -0.0029513124449873076, 'mean_r4': -0.0003485448952848851, 'mean_r12': -0.011341299503457808, 'win_r12': 0.0}
MONTH 2023-10 {'n': 18, 'mean_r1': -0.0016770440313159567, 'mean_r4': -0.011474126059954627, 'mean_r12': -0.004193594272733563, 'win_r12': 0.5}
MONTH 2023-11 {'n': 47, 'mean_r1': -0.004048932470021118, 'mean_r4': -0.005453066238733341, 'mean_r12': 0.013482584705161033, 'win_r12': 0.6170212765957447}
MONTH 2023-12 {'n': 24, 'mean_r1': 0.0009637704464569934, 'mean_r4': 0.006230269590742795, 'mean_r12': 0.01802303292545961, 'win_r12': 0.875}
