{
  "raw_events": 10,
  "raw_unique_tokens": 10,
  "eligible_events": 0,
  "eligible_unique_tokens": 0,
  "coverage_gate_pass": false,
  "excluded_by_reason": {
    "history_lt_2y_or_missing": 10
  },
  "post_event_returns_read": false
}
EXCLUDED PEPE history_lt_2y_or_missing 
EXCLUDED IRIS history_lt_2y_or_missing 
EXCLUDED IQ history_lt_2y_or_missing 
EXCLUDED OAX history_lt_2y_or_missing 
EXCLUDED JUV history_lt_2y_or_missing 
EXCLUDED MULTI history_lt_2y_or_missing 
EXCLUDED ARDR history_lt_2y_or_missing 
EXCLUDED ATM history_lt_2y_or_missing 
EXCLUDED MLN history_lt_2y_or_missing 
EXCLUDED PLA history_lt_2y_or_missing 
