ALL_TITLES 1071 CANDIDATES 30
2024-08-30 | 65f69bc68ca64182b6df3d958f14f38e | Binance Has Completed the Frontier (FRONT) Token Swap and Rebranding to Self Chain (SLF)
2024-08-28 | 6a6de383727f4659a3050f7982e1620f | Binance Will Support the Polygon (MATIC) Token Swap to Polygon (POL)
2024-08-19 | 3ab5488a00e04d4fb338c77ea28326a8 | Binance Will Support the Frontier (FRONT) Token Swap and Rebranding to Self Chain (SLF)
2024-07-26 | 7aa2bb48ab194bb9aebbc3f72b5819ed | Binance Has Completed the Render (RNDR) Token Swap and Rebranding to Render (RENDER)
2024-07-19 | 6df074e0264648448c260b1430240e2f | Binance Has Completed the Galxe (GAL) Token Swap, Redenomination, and Rebranding to Gravity (G)
2024-07-10 | d1f2ae8d99b24439a7a900caa9bb6b3b | Binance Will Support the Render (RNDR) Token Swap and Rebranding to Render (RENDER)
2024-03-28 | 033618992939455aa64fd113a2c1e76f | Binance Has Completed the Stratis (STRAX) Token Swap and Redenomination
2024-03-22 | c1f2f393904f4e13851697eb30511440 | BNB Beacon Chain (BEP2) Network Sunset Plan: BEP2 Projects to Bind Their Tokens to BEP20 Network and Complete On-Chain Asset Migration!
2024-03-08 | 2e6eb8e644664a6ca7b6659a226c41b0 | Binance Will Support the Stratis (STRAX) Token Swap and Redenomination Plan
2024-03-01 | a01dc1c2ea4e43dcb559e37d3a776fc5 | Binance Has Completed the PlayDapp (PLA) Token Swap to PlayDapp (PDA)
2024-02-22 | f0fafa66fedf4e058aaacb57c206c597 | Binance Will Support the PlayDapp (PLA) Token Swap to PlayDapp (PDA)
2023-12-01 | 4701f3d28a244d1f824aa05f009ddc40 | Binance Has Completed the Virtua (TVK) Token Swap and Rebranding to Vanar (VANRY)
2023-11-24 | 0491a610ab2d4ab3af6d15dce961c5ae | Binance Has Completed the TomoChain (TOMO) Rebranding to Viction (VIC)
2023-11-17 | 1493a2222fa549ce93f7101abe0941bf | Binance Will Support the Virtua (TVK) Token Swap and Rebranding to Vanar (VANRY)
2023-11-14 | c8705b752c7c47fc814a373a0f1856ee | Binance Has Completed the Merit Circle (MC) Token Swap, Redenomination and Rebranding to Beam (BEAMX)
2023-11-06 | 034eee2293964e26b915b1ec5c42972a | Binance Will Support the TomoChain (TOMO) Rebranding to Viction (VIC)
2023-10-25 | 0b171519f1824ee288af7343ec91ce33 | Binance Will Support the Merit Circle (MC) Token Swap, Redenomination and Rebranding to Beam (BEAMX)
2023-09-05 | 1ff41041422a47dcae1f495563aa6113 | Binance Has Completed the Travala.com (AVA) Contract Swap and Rebranding Plan to AVA (AVA)
2023-08-24 | f2abc33b6b2c4b1489173a077f883277 | Binance Will Support the Travala.com (AVA) Contract Swap and Rebranding Plan to AVA (AVA)
2023-07-21 | 47e2f3d1110044a9964edee05308bc34 | Binance Has Completed the QuickSwap (QUICK) Token Swap and Redenomination Plan
2023-07-10 | 50b38ae7b25a45a7854c94ab67a1e7d0 | Binance Will Support the QuickSwap (QUICK) Token Swap and Redenomination Plan
2023-06-02 | 18550322a4944094840831c3efe2d223 | Binance Has Completed the Cocos-BCX (COCOS) Token Swap & Rebranding Plan to COMBO (COMBO)
2023-05-18 | 45852dc155b641bc9e1c23bc41d8ded6 | Binance Will Support the Cocos-BCX (COCOS) Token Swap & Rebranding Plan to COMBO (COMBO)
2023-05-12 | 8301f70257ce47d484b89fbb8198fdb3 | Updates on the Swipe (SXP) Mainnet Swap & Rebranding Plan to Solar (SXP)
2023-03-28 | 73bded28e8dc48e081c5e577a5436c55 | Binance Will Support the Swipe (SXP) Mainnet Swap & Rebranding Plan to Solar (SXP)
2023-02-22 | a29c5916cc9f460dbf00ccefa28e19e5 | Binance Has Completed the BinaryX (BNX) Token Swap and Redenomination Plan
2023-02-10 | 4d23ada51a2e4fa182835c77d51ba1a9 | Binance Will Support the BinaryX (BNX) Token Swap and Redenomination Plan
2023-02-08 | 2a92791d93ab436aaad29fbacbf991d4 | Binance Has Completed the Gifto (GTO) Token Swap to Gifto (GFT)
2023-01-16 | 2300adb470e54d4ba8db292e54e85a93 | Binance Will Support the Gifto (GTO) Token Swap to Gifto (GFT)
2023-01-12 | 0e5b302a17014b7aa0af476731588e8b | Binance Has Completed the Mainframe (MFT) Token Swap, Redenomination & Rebranding Plan to Hifi Finance (HIFI)
