METRICS SOLUSDT 8760 errors 0
METRICS DOGEUSDT 8760 errors 0
METRICS LTCUSDT 8760 errors 0
METRICS AVAXUSDT 8760 errors 0
METRICS UNIUSDT 8760 errors 0
METRICS ZECUSDT 8736 errors 1
DEPTH 250 / 2190 errors 2
DEPTH 500 / 2190 errors 5
DEPTH 750 / 2190 errors 5
DEPTH 1000 / 2190 errors 7
DEPTH 1250 / 2190 errors 10
DEPTH 1500 / 2190 errors 10
DEPTH 1750 / 2190 errors 12
DEPTH 2000 / 2190 errors 15
FEATURE SOLUSDT 8533 coverage=0.9741
FEATURE DOGEUSDT 8557 coverage=0.9768
FEATURE LTCUSDT 8533 coverage=0.9741
FEATURE AVAXUSDT 8557 coverage=0.9768
FEATURE UNIUSDT 8533 coverage=0.9741
FEATURE ZECUSDT 8533 coverage=0.9741
PRICE AVAXUSDT 8760
PRICE UNIUSDT 8760
PRICE LTCUSDT 8760
PRICE SOLUSDT 8760
PRICE ZECUSDT 8760
PRICE DOGEUSDT 8760
{
  "data_gate_pass": true,
  "events": 10153,
  "positive_symbols": "5/6",
  "frequency_per_symbol_week": 32.45251141552511,
  "mean_r1": 3.073328089730086e-05,
  "mean_r4": 2.5075415137750635e-05,
  "mean_r12": 0.00014578567411593685,
  "stage_gate_pass": false
}
