{
  "candidate_assets": 23,
  "rows": 14620,
  "passing_assets": 18,
  "passing_symbols": [
    "BTCUSDT",
    "ETHUSDT",
    "XRPUSDT",
    "ADAUSDT",
    "DOGEUSDT",
    "LTCUSDT",
    "LINKUSDT",
    "BCHUSDT",
    "ETCUSDT",
    "TRXUSDT",
    "XLMUSDT",
    "UNIUSDT",
    "AAVEUSDT",
    "ZECUSDT",
    "MANAUSDT",
    "ALGOUSDT",
    "SNXUSDT",
    "COMPUSDT"
  ],
  "coverage_gate_min_assets": 8,
  "coverage_gate_pass": true,
  "post_signal_returns_read": false
}
PASS {'asset': 'btc', 'symbol': 'BTCUSDT', 'current_trading_usdm': True, 'earliest_usdm_ms': 1567900800000, 'tx_tfr_nonzero_days_2023_2024': 731, 'tx_tfr_first': '2023-01-01', 'tx_tfr_last': '2024-12-31', 'days_meeting_730d_history': 731}
PASS {'asset': 'eth', 'symbol': 'ETHUSDT', 'current_trading_usdm': True, 'earliest_usdm_ms': 1574812800000, 'tx_tfr_nonzero_days_2023_2024': 731, 'tx_tfr_first': '2023-01-01', 'tx_tfr_last': '2024-12-31', 'days_meeting_730d_history': 731}
PASS {'asset': 'xrp', 'symbol': 'XRPUSDT', 'current_trading_usdm': True, 'earliest_usdm_ms': 1578268800000, 'tx_tfr_nonzero_days_2023_2024': 731, 'tx_tfr_first': '2023-01-01', 'tx_tfr_last': '2024-12-31', 'days_meeting_730d_history': 731}
PASS {'asset': 'ada', 'symbol': 'ADAUSDT', 'current_trading_usdm': True, 'earliest_usdm_ms': 1580428800000, 'tx_tfr_nonzero_days_2023_2024': 731, 'tx_tfr_first': '2023-01-01', 'tx_tfr_last': '2024-12-31', 'days_meeting_730d_history': 731}
PASS {'asset': 'doge', 'symbol': 'DOGEUSDT', 'current_trading_usdm': True, 'earliest_usdm_ms': 1594339200000, 'tx_tfr_nonzero_days_2023_2024': 731, 'tx_tfr_first': '2023-08-23', 'tx_tfr_last': '2023-08-22', 'days_meeting_730d_history': 731}
PASS {'asset': 'ltc', 'symbol': 'LTCUSDT', 'current_trading_usdm': True, 'earliest_usdm_ms': 1578528000000, 'tx_tfr_nonzero_days_2023_2024': 731, 'tx_tfr_first': '2023-01-01', 'tx_tfr_last': '2024-12-31', 'days_meeting_730d_history': 731}
PASS {'asset': 'link', 'symbol': 'LINKUSDT', 'current_trading_usdm': True, 'earliest_usdm_ms': 1579219200000, 'tx_tfr_nonzero_days_2023_2024': 731, 'tx_tfr_first': '2023-01-01', 'tx_tfr_last': '2024-12-31', 'days_meeting_730d_history': 731}
PASS {'asset': 'bch', 'symbol': 'BCHUSDT', 'current_trading_usdm': True, 'earliest_usdm_ms': 1576713600000, 'tx_tfr_nonzero_days_2023_2024': 731, 'tx_tfr_first': '2023-01-01', 'tx_tfr_last': '2024-12-31', 'days_meeting_730d_history': 731}
PASS {'asset': 'etc', 'symbol': 'ETCUSDT', 'current_trading_usdm': True, 'earliest_usdm_ms': 1579132800000, 'tx_tfr_nonzero_days_2023_2024': 731, 'tx_tfr_first': '2023-01-01', 'tx_tfr_last': '2024-12-31', 'days_meeting_730d_history': 731}
PASS {'asset': 'trx', 'symbol': 'TRXUSDT', 'current_trading_usdm': True, 'earliest_usdm_ms': 1579046400000, 'tx_tfr_nonzero_days_2023_2024': 731, 'tx_tfr_first': '2023-01-01', 'tx_tfr_last': '2024-12-31', 'days_meeting_730d_history': 731}
PASS {'asset': 'xlm', 'symbol': 'XLMUSDT', 'current_trading_usdm': True, 'earliest_usdm_ms': 1579478400000, 'tx_tfr_nonzero_days_2023_2024': 731, 'tx_tfr_first': '2023-01-01', 'tx_tfr_last': '2024-12-31', 'days_meeting_730d_history': 731}
PASS {'asset': 'uni', 'symbol': 'UNIUSDT', 'current_trading_usdm': True, 'earliest_usdm_ms': 1600387200000, 'tx_tfr_nonzero_days_2023_2024': 731, 'tx_tfr_first': '2023-01-01', 'tx_tfr_last': '2024-12-31', 'days_meeting_730d_history': 731}
PASS {'asset': 'aave', 'symbol': 'AAVEUSDT', 'current_trading_usdm': True, 'earliest_usdm_ms': 1602806400000, 'tx_tfr_nonzero_days_2023_2024': 731, 'tx_tfr_first': '2023-01-01', 'tx_tfr_last': '2024-12-31', 'days_meeting_730d_history': 731}
PASS {'asset': 'zec', 'symbol': 'ZECUSDT', 'current_trading_usdm': True, 'earliest_usdm_ms': 1580860800000, 'tx_tfr_nonzero_days_2023_2024': 731, 'tx_tfr_first': '2023-01-01', 'tx_tfr_last': '2024-12-31', 'days_meeting_730d_history': 731}
PASS {'asset': 'mana', 'symbol': 'MANAUSDT', 'current_trading_usdm': True, 'earliest_usdm_ms': 1615766400000, 'tx_tfr_nonzero_days_2023_2024': 731, 'tx_tfr_first': '2023-01-01', 'tx_tfr_last': '2024-12-31', 'days_meeting_730d_history': 658}
PASS {'asset': 'algo', 'symbol': 'ALGOUSDT', 'current_trading_usdm': True, 'earliest_usdm_ms': 1592265600000, 'tx_tfr_nonzero_days_2023_2024': 731, 'tx_tfr_first': '2023-01-01', 'tx_tfr_last': '2024-12-31', 'days_meeting_730d_history': 731}
PASS {'asset': 'snx', 'symbol': 'SNXUSDT', 'current_trading_usdm': True, 'earliest_usdm_ms': 1597363200000, 'tx_tfr_nonzero_days_2023_2024': 731, 'tx_tfr_first': '2023-01-01', 'tx_tfr_last': '2024-12-31', 'days_meeting_730d_history': 731}
PASS {'asset': 'comp', 'symbol': 'COMPUSDT', 'current_trading_usdm': True, 'earliest_usdm_ms': 1593475200000, 'tx_tfr_nonzero_days_2023_2024': 731, 'tx_tfr_first': '2023-01-01', 'tx_tfr_last': '2024-12-31', 'days_meeting_730d_history': 731}
