SYMBOL BTCUSDT Bitcoin events 115
SYMBOL ETHUSDT Ethereum events 119
SYMBOL BNBUSDT BSC events 122
SYMBOL SOLUSDT Solana events 105
SYMBOL AVAXUSDT Avalanche events 107
SYMBOL ADAUSDT Cardano events 118
SYMBOL NEARUSDT Near events 140
SYMBOL TRXUSDT Tron events 131
SYMBOL MATICUSDT Polygon events 96
SYMBOL FTMUSDT Fantom events 117
SYMBOL OPUSDT Optimism events 28
SYMBOL APTUSDT Aptos events 13
SYMBOL ARBUSDT Arbitrum events 0
SYMBOL SUIUSDT Sui events 0
SYMBOL XRPUSDT Ripple events 29
SUMMARY {
  "version": "v148",
  "status": "frozen_failed_discovery",
  "gate_pass": false,
  "discovery_2023_2024": {
    "n": 1240,
    "symbols": 13,
    "mean1": 0.001105748167647775,
    "mean3": -0.0005925372441356649,
    "mean7": -0.0015843717146817797,
    "win7": 0.49032258064516127,
    "positive_symbols7": 5,
    "positive_symbol_fraction7": 0.38461538461538464,
    "by_symbol": {
      "ADAUSDT": {
        "n": 118,
        "mean1": 4.113558940229068e-05,
        "mean3": 0.0005696271168971802,
        "mean7": -0.009352348959311365,
        "win7": 0.4491525423728814
      },
      "APTUSDT": {
        "n": 13,
        "mean1": -0.01142913424979257,
        "mean3": 0.011348259045409584,
        "mean7": 0.014373803155924248,
        "win7": 0.5384615384615384
      },
      "AVAXUSDT": {
        "n": 107,
        "mean1": 0.0013337954771630864,
        "mean3": -0.002122363702086037,
        "mean7": -0.0005583012200840723,
        "win7": 0.4953271028037383
      },
      "BNBUSDT": {
        "n": 122,
        "mean1": 0.00248476458119299,
        "mean3": -0.0014442930043488777,
        "mean7": -0.004185323411935948,
        "win7": 0.45901639344262296
      },
      "BTCUSDT": {
        "n": 115,
        "mean1": 0.003730812563507324,
        "mean3": 0.0045340464037017456,
        "mean7": 0.0006509724835172891,
        "win7": 0.48695652173913045
      },
      "ETHUSDT": {
        "n": 119,
        "mean1": -0.0022568776651044815,
        "mean3": -0.0020958341228502196,
        "mean7": -0.005088556091318294,
        "win7": 0.4957983193277311
      },
      "FTMUSDT": {
        "n": 117,
        "mean1": -0.00011112360170973107,
        "mean3": -0.0006554718704111281,
        "mean7": 0.0073391752059650825,
        "win7": 0.47863247863247865
      },
      "MATICUSDT": {
        "n": 96,
        "mean1": 0.0012068755357345165,
        "mean3": 0.0014206576900276,
        "mean7": 0.0006625043847833618,
        "win7": 0.5416666666666666
      },
      "NEARUSDT": {
        "n": 140,
        "mean1": -0.0004385598362875896,
        "mean3": -0.0025122171263833233,
        "mean7": 0.003034131496811759,
        "win7": 0.55
      },
      "OPUSDT": {
        "n": 28,
        "mean1": 0.002548601035972493,
        "mean3": -0.01147751482048622,
        "mean7": -0.013471323293597392,
        "win7": 0.42857142857142855
      },
      "SOLUSDT": {
        "n": 105,
        "mean1": 0.0025955012030531156,
        "mean3": 0.002946115292010079,
        "mean7": -0.0023842064043269736,
        "win7": 0.4666666666666667
      },
      "TRXUSDT": {
        "n": 131,
        "mean1": 0.007018334803921278,
        "mean3": -0.002760091474904392,
        "mean7": -0.0033651453780305304,
        "win7": 0.4961832061068702
      },
      "XRPUSDT": {
        "n": 29,
        "mean1": -0.01366311902167368,
        "mean3": -0.0052615931879663284,
        "mean7": -0.007778231874476473,
        "win7": 0.4482758620689655
      }
    }
  },
  "2023": {
    "n": 601,
    "symbols": 10,
    "mean1": 0.0012072868761790216,
    "mean3": 0.0014719716180730735,
    "mean7": 0.00412446877556766,
    "win7": 0.4825291181364393,
    "positive_symbols7": 7,
    "positive_symbol_fraction7": 0.7,
    "by_symbol": {
      "ADAUSDT": {
        "n": 60,
        "mean1": -0.005784463525807549,
        "mean3": 0.0024191159759496842,
        "mean7": 0.001096608797549001,
        "win7": 0.4166666666666667
      },
      "AVAXUSDT": {
        "n": 51,
        "mean1": 0.0020847783044931874,
        "mean3": -0.002176193198148309,
        "mean7": 0.018158233592039642,
        "win7": 0.5098039215686274
      },
      "BNBUSDT": {
        "n": 69,
        "mean1": 0.001896417197518173,
        "mean3": -0.0029769388209917287,
        "mean7": -0.0005618949882015254,
        "win7": 0.42028985507246375
      },
      "BTCUSDT": {
        "n": 61,
        "mean1": 0.0020938933757594447,
        "mean3": 0.005171623363272691,
        "mean7": 0.004469599557213992,
        "win7": 0.5245901639344263
      },
      "ETHUSDT": {
        "n": 67,
        "mean1": -0.002949458466814188,
        "mean3": 0.0009294073729926839,
        "mean7": -0.006353109368771406,
        "win7": 0.4626865671641791
      },
      "FTMUSDT": {
        "n": 43,
        "mean1": 0.006875411278246132,
        "mean3": 0.011309154062397703,
        "mean7": 0.013650079785248022,
        "win7": 0.5116279069767442
      },
      "MATICUSDT": {
        "n": 61,
        "mean1": 0.0009987622511647347,
        "mean3": 0.006821148064442134,
        "mean7": 0.0063036268025335965,
        "win7": 0.5409836065573771
      },
      "NEARUSDT": {
        "n": 73,
        "mean1": -0.0017376850594796288,
        "mean3": -0.006621177736089196,
        "mean7": 0.005748752109752968,
        "win7": 0.547945205479452
      },
      "SOLUSDT": {
        "n": 49,
        "mean1": 0.008929973338623434,
        "mean3": 0.0035099654912497317,
        "mean7": -0.000978448060466588,
        "win7": 0.3877551020408163
      },
      "TRXUSDT": {
        "n": 67,
        "mean1": 0.003553314907361123,
        "mean3": 0.001300556799372954,
        "mean7": 0.005007958017961462,
        "win7": 0.4925373134328358
      }
    }
  },
  "2024": {
    "n": 639,
    "symbols": 13,
    "mean1": 0.0010102477547725317,
    "mean3": -0.0025342740613304264,
    "mean7": -0.006953719343226245,
    "win7": 0.49765258215962443,
    "positive_symbols7": 3,
    "positive_symbol_fraction7": 0.23076923076923078,
    "by_symbol": {
      "ADAUSDT": {
        "n": 58,
        "mean1": 0.0060676174327228116,
        "mean3": -0.001343637220053684,
        "mean7": -0.02016161560433933,
        "win7": 0.4827586206896552
      },
      "APTUSDT": {
        "n": 13,
        "mean1": -0.01142913424979257,
        "mean3": 0.011348259045409584,
        "mean7": 0.014373803155924248,
        "win7": 0.5384615384615384
      },
      "AVAXUSDT": {
        "n": 56,
        "mean1": 0.0006498646879874589,
        "mean3": -0.0020733404110293264,
        "mean7": -0.017603716852553877,
        "win7": 0.48214285714285715
      },
      "BNBUSDT": {
        "n": 53,
        "mean1": 0.003250726269373411,
        "mean3": 0.000551038341846534,
        "mean7": -0.008902617020193966,
        "win7": 0.5094339622641509
      },
      "BTCUSDT": {
        "n": 54,
        "mean1": 0.005579924979296595,
        "mean3": 0.003813820579001234,
        "mean7": -0.0036626618034363936,
        "win7": 0.4444444444444444
      },
      "ETHUSDT": {
        "n": 52,
        "mean1": -0.0013645139398246677,
        "mean3": -0.005993741434801653,
        "mean7": -0.0034592278299844775,
        "win7": 0.5384615384615384
      },
      "FTMUSDT": {
        "n": 74,
        "mean1": -0.00417086684276517,
        "mean3": -0.007607889642178419,
        "mean7": 0.003672027950435815,
        "win7": 0.4594594594594595
      },
      "MATICUSDT": {
        "n": 35,
        "mean1": 0.001569587260270423,
        "mean3": -0.007991625533952015,
        "mean7": -0.009169166114724188,
        "win7": 0.5428571428571428
      },
      "NEARUSDT": {
        "n": 67,
        "mean1": 0.0009769049591306026,
        "mean3": 0.001964710105087255,
        "mean7": 7.6410530472831e-05,
        "win7": 0.5522388059701493
      },
      "OPUSDT": {
        "n": 28,
        "mean1": 0.002548601035972493,
        "mean3": -0.01147751482048622,
        "mean7": -0.013471323293597392,
        "win7": 0.42857142857142855
      },
      "SOLUSDT": {
        "n": 56,
        "mean1": -0.002947161915570913,
        "mean3": 0.002452746367675381,
        "mean7": -0.0036142449552048123,
        "win7": 0.5357142857142857
      },
      "TRXUSDT": {
        "n": 64,
        "mean1": 0.010645777508132689,
        "mean3": -0.007011082637038489,
        "mean7": -0.012130737995709644,
        "win7": 0.5
      },
      "XRPUSDT": {
        "n": 29,
        "mean1": -0.01366311902167368,
        "mean3": -0.0052615931879663284,
        "mean7": -0.007778231874476473,
        "win7": 0.4482758620689655
      }
    }
  },
  "frequency_per_symbol_week": 0.9133957697569188,
  "source_meta": {
    "BTCUSDT": {
      "chain": "Bitcoin",
      "tvl_chain": "Bitcoin",
      "eligible_from": "2022-01-01",
      "tvl_first": "2021-03-20",
      "tvl_last": "2024-12-31",
      "price_days": 731,
      "events": 115
    },
    "ETHUSDT": {
      "chain": "Ethereum",
      "tvl_chain": "Ethereum",
      "eligible_from": "2022-01-01",
      "tvl_first": "2018-02-12",
      "tvl_last": "2024-12-31",
      "price_days": 731,
      "events": 119
    },
    "BNBUSDT": {
      "chain": "BSC",
      "tvl_chain": "BSC",
      "eligible_from": "2022-02-10",
      "tvl_first": "2020-10-30",
      "tvl_last": "2024-12-31",
      "price_days": 731,
      "events": 122
    },
    "SOLUSDT": {
      "chain": "Solana",
      "tvl_chain": "Solana",
      "eligible_from": "2022-09-14",
      "tvl_first": "2021-03-17",
      "tvl_last": "2024-12-31",
      "price_days": 731,
      "events": 105
    },
    "AVAXUSDT": {
      "chain": "Avalanche",
      "tvl_chain": "Avalanche",
      "eligible_from": "2022-09-23",
      "tvl_first": "2021-02-02",
      "tvl_last": "2024-12-31",
      "price_days": 731,
      "events": 107
    },
    "ADAUSDT": {
      "chain": "Cardano",
      "tvl_chain": "Cardano",
      "eligible_from": "2022-01-31",
      "tvl_first": "2022-01-02",
      "tvl_last": "2024-12-31",
      "price_days": 731,
      "events": 118
    },
    "NEARUSDT": {
      "chain": "Near",
      "tvl_chain": "Near",
      "eligible_from": "2022-10-15",
      "tvl_first": "2021-08-20",
      "tvl_last": "2024-12-31",
      "price_days": 731,
      "events": 140
    },
    "TRXUSDT": {
      "chain": "Tron",
      "tvl_chain": "Tron",
      "eligible_from": "2022-01-15",
      "tvl_first": "2020-04-03",
      "tvl_last": "2024-12-31",
      "price_days": 731,
      "events": 131
    },
    "MATICUSDT": {
      "chain": "Polygon",
      "tvl_chain": "Polygon",
      "eligible_from": "2022-10-22",
      "tvl_first": "2020-10-08",
      "tvl_last": "2024-12-31",
      "price_days": 620,
      "events": 96
    },
    "FTMUSDT": {
      "chain": "Fantom",
      "tvl_chain": "Fantom",
      "eligible_from": "2022-09-24",
      "tvl_first": "2021-02-26",
      "tvl_last": "2024-12-31",
      "price_days": 731,
      "events": 117
    },
    "OPUSDT": {
      "chain": "OP Mainnet",
      "tvl_chain": "Optimism",
      "eligible_from": "2024-06-01",
      "tvl_first": "2021-07-14",
      "tvl_last": "2024-12-31",
      "price_days": 731,
      "events": 28
    },
    "APTUSDT": {
      "chain": "Aptos",
      "tvl_chain": "Aptos",
      "eligible_from": "2024-10-19",
      "tvl_first": "2022-10-21",
      "tvl_last": "2024-12-31",
      "price_days": 731,
      "events": 13
    },
    "ARBUSDT": {
      "chain": "Arbitrum",
      "tvl_chain": "Arbitrum",
      "eligible_from": "2025-03-23",
      "tvl_first": "2021-08-31",
      "tvl_last": "2024-12-31",
      "price_days": 650,
      "events": 0
    },
    "SUIUSDT": {
      "chain": "Sui",
      "tvl_chain": "Sui",
      "eligible_from": "2025-05-03",
      "tvl_first": "2023-05-06",
      "tvl_last": "2024-12-31",
      "price_days": 609,
      "events": 0
    },
    "XRPUSDT": {
      "chain": "XRPL",
      "tvl_chain": "Ripple",
      "eligible_from": "2022-01-06",
      "tvl_first": "2024-03-23",
      "tvl_last": "2024-12-31",
      "price_days": 731,
      "events": 29
    }
  },
  "oos_evaluated": false
}
