ARTICLE 1 18 70d8bec3b4664ee5879a032b99f1501a segments 2 USDT_EVENTS 8
ARTICLE 2 18 8ac77b6f8d9d4775a18e52429e84da6e segments 1 USDT_EVENTS 3
ARTICLE 3 18 f1e665c2d7b242aeaec102452a2afcdd segments 1 USDT_EVENTS 1
ARTICLE 4 18 712916476d9d48cc85a95a55a33e6c2f segments 1 USDT_EVENTS 3
ARTICLE 5 18 84e96044a07f4e2394c4e258a7b57d2d segments 1 USDT_EVENTS 1
ARTICLE 6 18 ed521be4cec648e28a1cdad392b3ce99 segments 1 USDT_EVENTS 12
ARTICLE 7 18 511b3c9f13e04bc686f77a4387d241a6 segments 1 USDT_EVENTS 7
ARTICLE 8 18 6354aa39e18f4cdaac5314b230b4bdbc segments 1 USDT_EVENTS 6
ARTICLE 9 18 49bcf21cdb824c028d070ddde897d96e segments 1 USDT_EVENTS 8
ARTICLE 10 18 bdb1b34f92e244a7abc9223d89a5287d segments 1 USDT_EVENTS 6
ARTICLE 11 18 86984e712e7f487fa2b96d16bc493795 segments 1 USDT_EVENTS 5
ARTICLE 12 18 20cf3637a4d84da087055bd90268f33a segments 1 USDT_EVENTS 4
ARTICLE 13 18 9580ea86cec24b9faab22fa4a95ab66b segments 1 USDT_EVENTS 0
ARTICLE 14 18 119e10d3f8c14819a75c099b67387658 segments 1 USDT_EVENTS 2
ARTICLE 15 18 c80fac2570294d659ea986dbe98bba8a segments 1 USDT_EVENTS 4
ARTICLE 16 18 497f8988d9bb4c40aa52ccfd94cbe15a segments 1 USDT_EVENTS 4
ARTICLE 17 18 6925d618ab6b47e2936cc4614eaad64b segments 1 USDT_EVENTS 129
ARTICLE 18 18 9e1c939434c7453cae2e23ec6e43c283 segments 1 USDT_EVENTS 38
{
  "articles": 18,
  "parsed_articles": 18,
  "parse_errors": 0,
  "all_usdt_events": 241,
  "increase_short_events": 161,
  "increase_unique_symbols": 140,
  "increase_batches": 4,
  "returns_read": false
}
SHORT_EVENT 2022-08-17T07:00:00Z YFI/USDT 0.01 -> 1
SHORT_EVENT 2022-08-17T07:00:00Z APE/USDT 0.0001 -> 0.001
SHORT_EVENT 2022-08-01T07:00:00Z GMT/USDT 0.00001 -> 0.0001
SHORT_EVENT 2021-08-26T06:00:00Z DENT/USDT 0.0000001 -> 0.000001
SHORT_EVENT 2021-08-26T06:00:00Z BTT/USDT 0.0000001 -> 0.000001
SHORT_EVENT 2021-08-26T06:00:00Z CKB/USDT 0.000001 -> 0.00001
SHORT_EVENT 2021-08-26T06:00:00Z REEF/USDT 0.000001 -> 0.00001
SHORT_EVENT 2021-08-26T06:00:00Z SC/USDT 0.000001 -> 0.00001
SHORT_EVENT 2021-08-26T06:00:00Z FUN/USDT 0.000001 -> 0.00001
SHORT_EVENT 2021-08-26T06:00:00Z IOTX/USDT 0.000001 -> 0.00001
SHORT_EVENT 2021-08-26T06:00:00Z STMX/USDT 0.000001 -> 0.00001
SHORT_EVENT 2021-08-26T06:00:00Z AKRO/USDT 0.000001 -> 0.00001
SHORT_EVENT 2021-08-26T06:00:00Z IOST/USDT 0.000001 -> 0.00001
SHORT_EVENT 2021-08-26T06:00:00Z TCT/USDT 0.000001 -> 0.00001
SHORT_EVENT 2021-08-26T06:00:00Z DOCK/USDT 0.000001 -> 0.00001
SHORT_EVENT 2021-08-26T06:00:00Z DNT/USDT 0.00001 -> 0.0001
SHORT_EVENT 2021-08-26T06:00:00Z COTI/USDT 0.00001 -> 0.0001
SHORT_EVENT 2021-08-26T06:00:00Z BLZ/USDT 0.00001 -> 0.0001
SHORT_EVENT 2021-08-26T06:00:00Z DOGE/USDT 0.00001 -> 0.0001
SHORT_EVENT 2021-08-26T06:00:00Z HBAR/USDT 0.00001 -> 0.0001
SHORT_EVENT 2021-08-26T06:00:00Z ARDR/USDT 0.00001 -> 0.0001
SHORT_EVENT 2021-08-26T06:00:00Z FTM/USDT 0.00001 -> 0.0001
SHORT_EVENT 2021-08-26T06:00:00Z LRC/USDT 0.00001 -> 0.0001
SHORT_EVENT 2021-08-26T06:00:00Z LTO/USDT 0.00001 -> 0.0001
SHORT_EVENT 2021-08-26T06:00:00Z CHZ/USDT 0.00001 -> 0.0001
SHORT_EVENT 2021-08-26T06:00:00Z CVC/USDT 0.00001 -> 0.0001
SHORT_EVENT 2021-08-26T06:00:00Z XLM/USDT 0.00001 -> 0.0001
SHORT_EVENT 2021-08-26T06:00:00Z NKN/USDT 0.00001 -> 0.0001
SHORT_EVENT 2021-08-26T06:00:00Z SKL/USDT 0.00001 -> 0.0001
SHORT_EVENT 2021-08-26T06:00:00Z TFUEL/USDT 0.00001 -> 0.0001
SHORT_EVENT 2021-08-26T06:00:00Z CHR/USDT 0.00001 -> 0.0001
SHORT_EVENT 2021-08-26T06:00:00Z FET/USDT 0.00001 -> 0.0001
SHORT_EVENT 2021-08-26T06:00:00Z REN/USDT 0.00001 -> 0.0001
SHORT_EVENT 2021-08-26T06:00:00Z ATA/USDT 0.00001 -> 0.0001
SHORT_EVENT 2021-08-26T06:00:00Z CTSI/USDT 0.00001 -> 0.0001
SHORT_EVENT 2021-08-26T06:00:00Z SAND/USDT 0.00001 -> 0.0001
SHORT_EVENT 2021-08-26T06:00:00Z AUD/USDT 0.00001 -> 0.0001
SHORT_EVENT 2021-08-26T06:00:00Z PAX/USDT 0.0001 -> 0.001
SHORT_EVENT 2021-08-26T06:00:00Z SUSD/USDT 0.0001 -> 0.001
SHORT_EVENT 2021-08-26T06:00:00Z ICX/USDT 0.0001 -> 0.001
SHORT_EVENT 2021-08-26T06:00:00Z KLAY/USDT 0.0001 -> 0.001
SHORT_EVENT 2021-08-26T06:00:00Z MATIC/USDT 0.00001 -> 0.001
SHORT_EVENT 2021-08-26T06:00:00Z WRX/USDT 0.0001 -> 0.001
SHORT_EVENT 2021-08-26T06:00:00Z AUDIO/USDT 0.0001 -> 0.001
SHORT_EVENT 2021-08-26T06:00:00Z MDX/USDT 0.0001 -> 0.001
SHORT_EVENT 2021-08-26T06:00:00Z C98/USDT 0.00001 -> 0.001
SHORT_EVENT 2021-08-26T06:00:00Z EUR/USDT 0.0001 -> 0.001
SHORT_EVENT 2021-08-26T06:00:00Z CTK/USDT 0.0001 -> 0.001
SHORT_EVENT 2021-08-26T06:00:00Z ADA/USDT 0.0001 -> 0.001
SHORT_EVENT 2021-08-26T06:00:00Z ENJ/USDT 0.0001 -> 0.001
SHORT_EVENT 2021-08-26T06:00:00Z GBP/USDT 0.0001 -> 0.001
SHORT_EVENT 2021-08-26T06:00:00Z STX/USDT 0.0001 -> 0.001
SHORT_EVENT 2021-08-26T06:00:00Z TKO/USDT 0.0001 -> 0.001
SHORT_EVENT 2021-08-26T06:00:00Z BEL/USDT 0.0001 -> 0.001
SHORT_EVENT 2021-08-26T06:00:00Z STRAX/USDT 0.0001 -> 0.001
SHORT_EVENT 2021-08-26T06:00:00Z BAKE/USDT 0.0001 -> 0.001
SHORT_EVENT 2021-08-26T06:00:00Z MTL/USDT 0.0001 -> 0.001
SHORT_EVENT 2021-08-26T06:00:00Z AVA/USDT 0.0001 -> 0.001
SHORT_EVENT 2021-08-26T06:00:00Z 1INCH/USDT 0.0001 -> 0.001
SHORT_EVENT 2021-08-26T06:00:00Z NEAR/USDT 0.0001 -> 0.001
SHORT_EVENT 2021-08-26T06:00:00Z CELO/USDT 0.0001 -> 0.001
SHORT_EVENT 2021-08-26T06:00:00Z TOMO/USDT 0.0001 -> 0.001
SHORT_EVENT 2021-08-26T06:00:00Z XTZ/USDT 0.0001 -> 0.001
SHORT_EVENT 2021-08-26T06:00:00Z LSK/USDT 0.0001 -> 0.001
SHORT_EVENT 2021-08-26T06:00:00Z RLC/USDT 0.0001 -> 0.001
SHORT_EVENT 2021-08-26T06:00:00Z BNT/USDT 0.0001 -> 0.001
SHORT_EVENT 2021-08-26T06:00:00Z ANT/USDT 0.0001 -> 0.001
SHORT_EVENT 2021-08-26T06:00:00Z LIT/USDT 0.0001 -> 0.001
SHORT_EVENT 2021-08-26T06:00:00Z EOS/USDT 0.0001 -> 0.001
SHORT_EVENT 2021-08-26T06:00:00Z SRM/USDT 0.0001 -> 0.001
SHORT_EVENT 2021-08-26T06:00:00Z OMG/USDT 0.0001 -> 0.001
SHORT_EVENT 2021-08-26T06:00:00Z NANO/USDT 0.0001 -> 0.001
SHORT_EVENT 2021-08-26T06:00:00Z KAVA/USDT 0.0001 -> 0.001
SHORT_EVENT 2021-08-26T06:00:00Z DEGO/USDT 0.001 -> 0.01
SHORT_EVENT 2021-08-26T06:00:00Z AR/USDT 0.001 -> 0.01
SHORT_EVENT 2021-08-26T06:00:00Z DEXE/USDT 0.001 -> 0.01
SHORT_EVENT 2021-08-26T06:00:00Z BADGER/USDT 0.001 -> 0.01
SHORT_EVENT 2021-08-26T06:00:00Z ATOM/USDT 0.001 -> 0.01
SHORT_EVENT 2021-08-26T06:00:00Z ALICE/USDT 0.0001 -> 0.01
SHORT_EVENT 2021-08-26T06:00:00Z JUV/USDT 0.001 -> 0.01
SHORT_EVENT 2021-08-26T06:00:00Z AVAX/USDT 0.001 -> 0.01
SHORT_EVENT 2021-08-26T06:00:00Z HNT/USDT 0.001 -> 0.01
SHORT_EVENT 2021-08-26T06:00:00Z LUNA/USDT 0.001 -> 0.01
SHORT_EVENT 2021-08-26T06:00:00Z ATM/USDT 0.001 -> 0.01
SHORT_EVENT 2021-08-26T06:00:00Z FORTH/USDT 0.001 -> 0.01
SHORT_EVENT 2021-08-26T06:00:00Z PERP/USDT 0.001 -> 0.01
SHORT_EVENT 2021-08-26T06:00:00Z WAVES/USDT 0.001 -> 0.01
SHORT_EVENT 2021-08-26T06:00:00Z CAKE/USDT 0.001 -> 0.01
SHORT_EVENT 2021-08-26T06:00:00Z WING/USDT 0.001 -> 0.01
SHORT_EVENT 2021-08-26T06:00:00Z BTCST/USDT 0.001 -> 0.01
SHORT_EVENT 2021-08-26T06:00:00Z DOT/USDT 0.001 -> 0.01
SHORT_EVENT 2021-08-26T06:00:00Z UNI/USDT 0.001 -> 0.01
SHORT_EVENT 2021-08-26T06:00:00Z BAL/USDT 0.001 -> 0.01
SHORT_EVENT 2021-08-26T06:00:00Z BAR/USDT 0.001 -> 0.01
SHORT_EVENT 2021-08-26T06:00:00Z PSG/USDT 0.001 -> 0.01
SHORT_EVENT 2021-08-26T06:00:00Z LINK/USDT 0.001 -> 0.01
SHORT_EVENT 2021-08-26T06:00:00Z REP/USDT 0.001 -> 0.01
SHORT_EVENT 2021-08-26T06:00:00Z XVS/USDT 0.001 -> 0.01
SHORT_EVENT 2021-08-26T06:00:00Z SOL/USDT 0.001 -> 0.01
SHORT_EVENT 2021-08-26T06:00:00Z FTT/USDT 0.001 -> 0.01
SHORT_EVENT 2021-08-26T06:00:00Z AXS/USDT 0.0001 -> 0.01
SHORT_EVENT 2021-08-26T06:00:00Z TRB/USDT 0.001 -> 0.01
SHORT_EVENT 2021-08-26T06:00:00Z NEO/USDT 0.001 -> 0.01
SHORT_EVENT 2021-08-26T06:00:00Z NMR/USDT 0.001 -> 0.01
SHORT_EVENT 2021-08-26T06:00:00Z ETC/USDT 0.001 -> 0.01
SHORT_EVENT 2021-08-26T06:00:00Z BTG/USDT 0.001 -> 0.01
SHORT_EVENT 2021-08-26T06:00:00Z WNXM/USDT 0.001 -> 0.01
SHORT_EVENT 2021-08-26T06:00:00Z ZEN/USDT 0.001 -> 0.01
SHORT_EVENT 2021-08-26T06:00:00Z ZEC/USDT 0.01 -> 0.1
SHORT_EVENT 2021-08-26T06:00:00Z MLN/USDT 0.01 -> 0.1
SHORT_EVENT 2021-08-26T06:00:00Z DCR/USDT 0.01 -> 0.1
SHORT_EVENT 2021-08-26T06:00:00Z LTC/USDT 0.01 -> 0.1
SHORT_EVENT 2021-08-26T06:00:00Z DASH/USDT 0.01 -> 0.1
SHORT_EVENT 2021-08-26T06:00:00Z KSM/USDT 0.01 -> 0.1
SHORT_EVENT 2021-08-26T06:00:00Z XMR/USDT 0.01 -> 0.1
SHORT_EVENT 2021-08-26T06:00:00Z AAVE/USDT 0.01 -> 0.1
SHORT_EVENT 2021-08-26T06:00:00Z BNB/USDT 0.01 -> 0.1
SHORT_EVENT 2021-08-26T06:00:00Z COMP/USDT 0.01 -> 0.1
SHORT_EVENT 2021-08-26T06:00:00Z BCH/USDT 0.01 -> 0.1
SHORT_EVENT 2021-08-26T06:00:00Z AUTO/USDT 0.01 -> 0.1
SHORT_EVENT 2021-08-26T06:00:00Z PAXG/USDT 0.01 -> 1
SHORT_EVENT 2021-08-26T06:00:00Z MKR/USDT 0.01 -> 1
SHORT_EVENT 2021-08-26T06:00:00Z YFII/USDT 0.01 -> 1
SHORT_EVENT 2021-04-25T04:00:00Z BNB/USDT 0.0001 -> 0.01
SHORT_EVENT 2021-04-25T04:00:00Z DOGE/USDT 0.0000001 -> 0.00001
SHORT_EVENT 2021-04-25T04:00:00Z FIL/USDT 0.0001 -> 0.01
SHORT_EVENT 2021-04-25T04:00:00Z THETA/USDT 0.00001 -> 0.001
SHORT_EVENT 2021-04-25T04:00:00Z AXS/USDT 0.00001 -> 0.0001
SHORT_EVENT 2021-04-25T04:00:00Z SAND/USDT 0.000001 -> 0.00001
SHORT_EVENT 2021-04-25T04:00:00Z AAVE/USDT 0.001 -> 0.01
SHORT_EVENT 2021-04-25T04:00:00Z LINK/USDT 0.0001 -> 0.001
SHORT_EVENT 2021-04-25T04:00:00Z SOL/USDT 0.0001 -> 0.001
SHORT_EVENT 2021-04-25T04:00:00Z UNI/USDT 0.0001 -> 0.001
SHORT_EVENT 2021-04-25T04:00:00Z KSM/USDT 0.001 -> 0.01
SHORT_EVENT 2021-04-25T04:00:00Z ETC/USDT 0.0001 -> 0.001
SHORT_EVENT 2021-04-25T04:00:00Z DOT/USDT 0.0001 -> 0.001
SHORT_EVENT 2021-04-25T04:00:00Z WRX/USDT 0.00001 -> 0.0001
SHORT_EVENT 2021-04-25T04:00:00Z TFUEL/USDT 0.000001 -> 0.00001
SHORT_EVENT 2021-04-25T04:00:00Z AVAX/USDT 0.0001 -> 0.001
SHORT_EVENT 2021-04-25T04:00:00Z ENJ/USDT 0.00001 -> 0.0001
SHORT_EVENT 2021-04-25T04:00:00Z UNFI/USDT 0.0001 -> 0.001
SHORT_EVENT 2021-04-25T04:00:00Z VET/USDT 0.000001 -> 0.00001
SHORT_EVENT 2021-04-25T04:00:00Z TROY/USDT 0.0000001 -> 0.000001
SHORT_EVENT 2021-04-25T04:00:00Z DCR/USDT 0.001 -> 0.01
SHORT_EVENT 2021-04-25T04:00:00Z AUDIO/USDT 0.00001 -> 0.0001
SHORT_EVENT 2021-04-25T04:00:00Z INJ/USDT 0.0001 -> 0.001
SHORT_EVENT 2021-04-25T04:00:00Z EGLD/USDT 0.001 -> 0.01
SHORT_EVENT 2021-04-25T04:00:00Z BAND/USDT 0.0001 -> 0.001
SHORT_EVENT 2021-04-25T04:00:00Z GRT/USDT 0.00001 -> 0.0001
SHORT_EVENT 2021-04-25T04:00:00Z ALPHA/USDT 0.00001 -> 0.0001
SHORT_EVENT 2021-04-25T04:00:00Z LUNA/USDT 0.0001 -> 0.001
SHORT_EVENT 2021-04-25T04:00:00Z ANKR/USDT 0.000001 -> 0.00001
SHORT_EVENT 2021-04-25T04:00:00Z HOT/USDT 0.0000001 -> 0.000001
SHORT_EVENT 2021-04-25T04:00:00Z WAVES/USDT 0.0001 -> 0.001
SHORT_EVENT 2021-04-25T04:00:00Z RUNE/USDT 0.0001 -> 0.001
SHORT_EVENT 2021-04-25T04:00:00Z MANA/USDT 0.00001 -> 0.0001
SHORT_EVENT 2021-04-25T04:00:00Z ORN/USDT 0.0001 -> 0.001
SHORT_EVENT 2021-04-25T04:00:00Z XRP/USDT 0.00001 -> 0.0001
SHORT_EVENT 2021-04-25T04:00:00Z ADA/USDT 0.00001 -> 0.0001
SHORT_EVENT 2021-04-25T04:00:00Z ZEN/USDT 0.001 -> 0.01
SHORT_EVENT 2021-04-25T04:00:00Z WIN/USDT 0.00000001 -> 0.0000001
