2026/10/02 21:45:31.648 [1;34m[I][0m  use lang: zh
VARIANT base START
SYM ADAUSDT 1/15 n=62 pf=1.220970 net=0.120462142
SYM AVAXUSDT 2/15 n=49 pf=1.042900 net=0.019329623
SYM BNBUSDT 3/15 n=55 pf=0.964742 net=-0.018361609
SYM BTCUSDT 4/15 n=58 pf=1.409012 net=0.181034210
SYM DOGEUSDT 5/15 n=55 pf=1.041384 net=0.021313635
SYM ETHUSDT 6/15 n=62 pf=1.752279 net=0.329788738
SYM LTCUSDT 7/15 n=43 pf=1.333933 net=0.118489463
SYM NEARUSDT 8/15 n=61 pf=0.890909 net=-0.066552106
SYM SOLUSDT 9/15 n=45 pf=1.312930 net=0.115848217
SYM UNIUSDT 10/15 n=46 pf=1.162038 net=0.065339792
SYM XRPUSDT 11/15 n=59 pf=2.387072 net=0.477761565
SYM ZECUSDT 12/15 n=78 pf=0.881753 net=-0.098410473
SYM 1000PEPEUSDT 13/15 n=22 pf=1.094829 net=0.019388874
SYM SUIUSDT 14/15 n=59 pf=1.227465 net=0.119363956
SYM ONDOUSDT 15/15 n=19 pf=1.092984 net=0.015624241
ALL base n=773 long=415 short=358 pf=1.211221 net=1.420420272 positive=12/15 freq=0.532684
YEAR base 2024 n=102 pf=1.241297 net=0.208746243
YEAR base 2025 n=389 pf=1.179101 net=0.613449464
YEAR base 2026 n=282 pf=1.245726 net=0.598224565
VARIANT base END
VARIANT no_funding START
SYM ADAUSDT 1/15 n=87 pf=1.113808 net=0.090701207
SYM AVAXUSDT 2/15 n=98 pf=0.885172 net=-0.113226801
SYM BNBUSDT 3/15 n=68 pf=0.960158 net=-0.025768187
SYM BTCUSDT 4/15 n=77 pf=1.379885 net=0.228419823
SYM DOGEUSDT 5/15 n=116 pf=1.030024 net=0.032921133
SYM ETHUSDT 6/15 n=87 pf=1.481601 net=0.336390420
SYM LTCUSDT 7/15 n=80 pf=0.906318 net=-0.073815138
SYM NEARUSDT 8/15 n=96 pf=0.931070 net=-0.065849657
SYM SOLUSDT 9/15 n=91 pf=0.970990 net=-0.025590267
SYM UNIUSDT 10/15 n=85 pf=0.819074 net=-0.159674614
SYM XRPUSDT 11/15 n=103 pf=1.670499 net=0.511938456
SYM ZECUSDT 12/15 n=102 pf=0.834230 net=-0.181971731
SYM 1000PEPEUSDT 13/15 n=58 pf=1.042773 net=0.024183994
SYM SUIUSDT 14/15 n=82 pf=1.107366 net=0.081532830
SYM ONDOUSDT 15/15 n=31 pf=1.097703 net=0.026796058
ALL no_funding n=1261 long=595 short=666 pf=1.058247 net=0.686987527 positive=8/15 freq=0.868970
YEAR no_funding 2024 n=161 pf=1.044348 net=0.066949266
YEAR no_funding 2025 n=591 pf=1.030667 net=0.170479042
YEAR no_funding 2026 n=509 pf=1.095134 net=0.449559219
VARIANT no_funding END
VARIANT no_daily_regime START
SYM ADAUSDT 1/15 n=130 pf=1.009433 net=0.011645181
SYM AVAXUSDT 2/15 n=87 pf=0.934317 net=-0.054761662
SYM BNBUSDT 3/15 n=109 pf=0.900977 net=-0.104074267
SYM BTCUSDT 4/15 n=99 pf=0.919634 net=-0.075139290
SYM DOGEUSDT 5/15 n=98 pf=0.922972 net=-0.076020236
SYM ETHUSDT 6/15 n=92 pf=1.332019 net=0.254722940
SYM LTCUSDT 7/15 n=93 pf=0.857395 net=-0.134510896
SYM NEARUSDT 8/15 n=136 pf=0.866746 net=-0.182748758
SYM SOLUSDT 9/15 n=98 pf=1.197230 net=0.167681504
SYM UNIUSDT 10/15 n=95 pf=1.140244 net=0.118688058
SYM XRPUSDT 11/15 n=108 pf=1.666746 net=0.520501176
SYM ZECUSDT 12/15 n=166 pf=0.879116 net=-0.209127980
SYM 1000PEPEUSDT 13/15 n=64 pf=0.832880 net=-0.111966644
SYM SUIUSDT 14/15 n=101 pf=1.183443 net=0.166146034
SYM ONDOUSDT 15/15 n=26 pf=0.886559 net=-0.028660423
ALL no_daily_regime n=1502 long=515 short=987 pf=1.018531 net=0.262374738 positive=6/15 freq=1.035046
YEAR no_daily_regime 2024 n=257 pf=0.925379 net=-0.186108848
YEAR no_daily_regime 2025 n=779 pf=0.991654 net=-0.061954990
YEAR no_daily_regime 2026 n=466 pf=1.120346 net=0.510438576
VARIANT no_daily_regime END
VARIANT no_4h_strength START
SYM ADAUSDT 1/15 n=89 pf=1.260800 net=0.200092999
SYM AVAXUSDT 2/15 n=74 pf=0.989059 net=-0.007672779
SYM BNBUSDT 3/15 n=78 pf=0.970909 net=-0.021429153
SYM BTCUSDT 4/15 n=78 pf=1.182458 net=0.119600605
SYM DOGEUSDT 5/15 n=89 pf=0.906830 net=-0.082712784
SYM ETHUSDT 6/15 n=95 pf=1.186102 net=0.153342073
SYM LTCUSDT 7/15 n=63 pf=0.976079 net=-0.014381220
SYM NEARUSDT 8/15 n=91 pf=0.834390 net=-0.154217051
SYM SOLUSDT 9/15 n=64 pf=0.998133 net=-0.001137312
SYM UNIUSDT 10/15 n=78 pf=1.050649 net=0.036486445
SYM XRPUSDT 11/15 n=64 pf=2.321115 net=0.500704865
SYM ZECUSDT 12/15 n=112 pf=0.909881 net=-0.104216288
SYM 1000PEPEUSDT 13/15 n=43 pf=1.264889 net=0.095747500
SYM SUIUSDT 14/15 n=81 pf=1.064696 net=0.050364199
SYM ONDOUSDT 15/15 n=22 pf=0.995069 net=-0.001006944
ALL no_4h_strength n=1121 long=427 short=694 pf=1.074614 net=0.769565155 positive=7/15 freq=0.772495
YEAR no_4h_strength 2024 n=124 pf=0.969472 net=-0.036408674
YEAR no_4h_strength 2025 n=604 pf=1.023107 net=0.131010111
YEAR no_4h_strength 2026 n=393 pf=1.195556 net=0.674963718
VARIANT no_4h_strength END
VARIANT no_freshness START
SYM ADAUSDT 1/15 n=89 pf=1.223171 net=0.174129525
SYM AVAXUSDT 2/15 n=64 pf=0.910225 net=-0.055847498
SYM BNBUSDT 3/15 n=63 pf=0.916034 net=-0.051161428
SYM BTCUSDT 4/15 n=75 pf=1.367870 net=0.217340205
SYM DOGEUSDT 5/15 n=72 pf=0.753106 net=-0.195217034
SYM ETHUSDT 6/15 n=87 pf=1.283114 net=0.208341317
SYM LTCUSDT 7/15 n=51 pf=1.188710 net=0.084888067
SYM NEARUSDT 8/15 n=87 pf=0.675362 net=-0.318909919
SYM SOLUSDT 9/15 n=55 pf=0.937715 net=-0.033665722
SYM UNIUSDT 10/15 n=68 pf=0.833604 net=-0.118310380
SYM XRPUSDT 11/15 n=77 pf=1.672717 net=0.384470411
SYM ZECUSDT 12/15 n=112 pf=0.923466 net=-0.089795585
SYM 1000PEPEUSDT 13/15 n=33 pf=0.833635 net=-0.056835036
SYM SUIUSDT 14/15 n=74 pf=1.274950 net=0.176764404
SYM ONDOUSDT 15/15 n=27 pf=0.887095 net=-0.030477352
ALL no_freshness n=1034 long=561 short=473 pf=1.030138 net=0.295713974 positive=6/15 freq=0.712542
YEAR no_freshness 2024 n=143 pf=1.039969 net=0.054450625
YEAR no_freshness 2025 n=512 pf=1.023352 net=0.112957610
YEAR no_freshness 2026 n=379 pf=1.035517 net=0.128305739
VARIANT no_freshness END
VARIANT no_impulse START
SYM ADAUSDT 1/15 n=91 pf=1.291788 net=0.225865848
SYM AVAXUSDT 2/15 n=67 pf=1.068911 net=0.041980979
SYM BNBUSDT 3/15 n=92 pf=0.855893 net=-0.133060680
SYM BTCUSDT 4/15 n=75 pf=1.386842 net=0.224577713
SYM DOGEUSDT 5/15 n=86 pf=1.018740 net=0.015188414
SYM ETHUSDT 6/15 n=94 pf=1.378536 net=0.292050650
SYM LTCUSDT 7/15 n=66 pf=0.924805 net=-0.049233406
SYM NEARUSDT 8/15 n=103 pf=0.782496 net=-0.239109539
SYM SOLUSDT 9/15 n=77 pf=0.779858 net=-0.176855365
SYM UNIUSDT 10/15 n=74 pf=1.237016 net=0.148111174
SYM XRPUSDT 11/15 n=80 pf=1.622010 net=0.375226864
SYM ZECUSDT 12/15 n=143 pf=0.874124 net=-0.194149419
SYM 1000PEPEUSDT 13/15 n=33 pf=0.843705 net=-0.054200503
SYM SUIUSDT 14/15 n=78 pf=1.299878 net=0.198402420
SYM ONDOUSDT 15/15 n=34 pf=1.178613 net=0.053269128
ALL no_impulse n=1193 long=779 short=414 pf=1.065569 net=0.728064277 positive=9/15 freq=0.822111
YEAR no_impulse 2024 n=189 pf=1.084166 net=0.144757290
YEAR no_impulse 2025 n=597 pf=1.015589 net=0.088635019
YEAR no_impulse 2026 n=407 pf=1.133763 net=0.494671968
VARIANT no_impulse END
VARIANT no_no_chase START
SYM ADAUSDT 1/15 n=87 pf=1.334895 net=0.246019913
SYM AVAXUSDT 2/15 n=70 pf=0.976424 net=-0.016452196
SYM BNBUSDT 3/15 n=64 pf=1.078913 net=0.045228364
SYM BTCUSDT 4/15 n=66 pf=1.287333 net=0.152555208
SYM DOGEUSDT 5/15 n=90 pf=1.008744 net=0.007630596
SYM ETHUSDT 6/15 n=80 pf=1.653633 net=0.380883340
SYM LTCUSDT 7/15 n=62 pf=1.164886 net=0.092440100
SYM NEARUSDT 8/15 n=88 pf=0.838930 net=-0.147736750
SYM SOLUSDT 9/15 n=60 pf=1.291862 net=0.148521577
SYM UNIUSDT 10/15 n=67 pf=1.067008 net=0.041746904
SYM XRPUSDT 11/15 n=84 pf=1.737894 net=0.445190229
SYM ZECUSDT 12/15 n=137 pf=1.047011 net=0.066485865
SYM 1000PEPEUSDT 13/15 n=43 pf=0.994721 net=-0.002330492
SYM SUIUSDT 14/15 n=80 pf=1.034116 net=0.026990935
SYM ONDOUSDT 15/15 n=34 pf=0.889772 net=-0.037407632
ALL no_no_chase n=1112 long=608 short=504 pf=1.142255 net=1.449765962 positive=11/15 freq=0.766293
YEAR no_no_chase 2024 n=150 pf=1.117128 net=0.159866143
YEAR no_no_chase 2025 n=548 pf=1.112854 net=0.570774255
YEAR no_no_chase 2026 n=414 pf=1.190812 net=0.719125564
VARIANT no_no_chase END
