WARMUP_TITLE 2022-12-28 10:42:16.561000+00:00 Earn Wednesday: New Limited-Time Offers Available Now! (2022-12-28)
ARTICLE 0 88 2022-12-28 ['ENS', 'MTL', 'RLC']
ARTICLE 1 88 2023-01-04 ['BCH', 'MAGIC']
ARTICLE 2 88 2023-01-11 ['GHST', 'IQ', 'REQ', 'SOL']
ARTICLE 3 88 2023-01-18 ['AMB', 'APT', 'ENS', 'SAND']
ARTICLE 4 88 2023-01-25 ['APT', 'RAD', 'RARE', 'RPL']
ARTICLE 5 88 2023-02-01 ['APT', 'AVAX', 'BAND', 'DAR', 'ELF', 'HOOK', 'MAGIC', 'PHB', 'REQ']
ARTICLE 6 88 2023-02-08 ['APT', 'ELF', 'GLM', 'PHB']
ARTICLE 7 88 2023-02-15 ['CVX', 'ELF', 'LAZIO', 'LPT', 'RPL']
ARTICLE 8 88 2023-02-22 []
ARTICLE 9 88 2023-03-01 ['BNX', 'SYN']
ARTICLE 10 88 2023-03-08 ['ADA', 'ATOM', 'AVAX', 'MATIC', 'SOL', 'TROY']
ARTICLE 11 88 2023-03-15 []
ARTICLE 12 88 2023-03-22 ['ADA', 'MATIC']
ARTICLE 13 88 2023-03-29 ['ADA', 'MATIC']
ARTICLE 14 88 2023-04-05 ['ICX', 'SXP', 'ZRX']
ARTICLE 15 88 2023-04-12 []
ARTICLE 16 88 2023-04-19 ['CTSI', 'OAX', 'VAI']
ARTICLE 17 88 2023-04-26 ['AXS', 'BEL', 'GMX', 'SXP']
ARTICLE 18 88 2023-05-03 ['AXS', 'EDU', 'SUI', 'SXP']
ARTICLE 19 88 2023-05-10 ['AXS', 'RAD', 'SUI']
ARTICLE 20 88 2023-05-24 ['APE', 'AXS', 'KAVA']
ARTICLE 21 88 2023-05-31 ['BNT', 'LINA']
ARTICLE 22 88 2023-06-21 ['APE', 'INJ', 'OSMO']
ARTICLE 23 88 2023-06-28 ['BCH', 'COMP', 'INJ', 'LPT']
ARTICLE 24 88 2023-07-05 ['APE', 'AXS', 'BCH', 'PENDLE']
ARTICLE 25 88 2023-07-12 ['COMP', 'FLM', 'STORJ']
ARTICLE 26 88 2023-07-19 ['AGLD', 'ARKM', 'COMP', 'ZRX']
ARTICLE 27 88 2023-07-26 ['KNC', 'OGN', 'STMX', 'VAI', 'WLD']
ARTICLE 28 88 2023-08-02 ['AMP', 'COMP', 'QTUM', 'STMX', 'VAI']
ARTICLE 29 88 2023-08-09 ['API3', 'AUDIO', 'BNT', 'C98', 'DODO', 'LPT', 'STMX']
ARTICLE 30 88 2023-08-16 ['BNT', 'CYBER', 'KNC', 'LPT', 'RUNE', 'SEI']
ARTICLE 31 88 2023-08-23 ['BNT', 'KAVA', 'RUNE', 'SFP']
ARTICLE 32 88 2023-08-30 ['LPT', 'SEI', 'TRB', 'UNFI']
ARTICLE 33 88 2023-09-06 ['API3', 'BLZ', 'CTK', 'LPT', 'TRB']
ARTICLE 34 88 2023-09-13 ['BLZ', 'HIFI', 'LPT', 'REI', 'TRB']
ARTICLE 35 88 2023-09-20 ['BLZ', 'STORJ', 'TRB', 'UMA']
ARTICLE 36 88 2023-09-27 ['ACH', 'AVA', 'SLP', 'TRB', 'UMA']
ARTICLE 37 88 2023-10-04 ['AVA', 'TRB']
ARTICLE 38 88 2023-10-11 ['AVA']
ARTICLE 39 88 2023-10-18 ['APE', 'AXS', 'CHZ']
ARTICLE 40 88 2023-10-25 ['AVA', 'CHZ']
ARTICLE 41 88 2023-11-01 []
ARTICLE 42 88 2023-11-15 ['APT', 'AXS', 'BEAMX']
ARTICLE 43 88 2023-11-29 ['APT', 'AXS', 'BEAMX']
ARTICLE 44 88 2023-12-13 ['1000SATS', 'AEUR', 'JTO']
ARTICLE 45 88 2023-12-20 ['ACE', 'BONK']
ARTICLE 46 88 2023-12-27 ['AUCTION', 'BNB']
ARTICLE 47 88 2024-01-03 ['VAI']
ARTICLE 48 88 2024-01-10 ['POWR', 'XAI']
ARTICLE 49 88 2024-01-17 ['PEPE', 'RAD']
ARTICLE 50 88 2024-01-24 ['API3', 'UMA']
ARTICLE 51 88 2024-01-31 ['PROM', 'SUI']
ARTICLE 52 88 2024-02-07 ['SUI']
ARTICLE 53 88 2024-02-14 []
ARTICLE 54 88 2024-02-21 ['FIL', 'WBETH']
ARTICLE 55 88 2024-02-28 []
ARTICLE 56 88 2024-03-06 ['AEUR', 'FIL']
ARTICLE 57 88 2024-03-13 ['RONIN']
ARTICLE 58 88 2024-05-29 ['AXS', 'BCH', 'ENA', 'SXP']
ARTICLE 59 88 2024-06-05 ['AXS', 'BLUR', 'SXP']
ARTICLE 60 88 2024-06-12 ['AERGO', 'AEUR', 'COS', 'ENA']
ARTICLE 61 88 2024-06-19 ['AEUR', 'GLM', 'POWR', 'RONIN']
ARTICLE 62 88 2024-06-26 ['BCH', 'ENA', 'MTL', 'ONG', 'POWR', 'RONIN']
ARTICLE 63 88 2024-07-03 ['AEUR', 'ASR']
ARTICLE 64 88 2024-07-10 ['BCH', 'ENA', 'GLM', 'ONG']
ARTICLE 65 88 2024-07-17 ['ASR', 'ENA', 'EOS', 'PEPE']
ARTICLE 66 88 2024-07-24 ['AXS', 'BCH', 'SXP']
ARTICLE 67 88 2024-07-31 ['BNX', 'ENA', 'GLM', 'STMX']
ARTICLE 68 88 2024-08-07 ['CTK', 'DODO', 'STORJ']
ARTICLE 69 88 2024-08-14 ['ENA', 'GLM', 'ONG']
ARTICLE 70 88 2024-08-21 ['ARPA', 'AVA', 'NMR', 'RARE']
ARTICLE 71 88 2024-08-28 ['ETH', 'FIL', 'RAD', 'RONIN']
ARTICLE 72 88 2024-09-04 ['AERGO', 'ETH', 'EURI', 'RDNT']
ARTICLE 73 88 2024-09-11 ['DAR', 'ETH', 'RARE', 'RONIN']
ARTICLE 74 88 2024-09-18 ['AUCTION', 'BCH', 'ETH', 'FIL']
ARTICLE 75 88 2024-09-25 ['ETH', 'EURI', 'FIL', 'TIA']
ERROR 8992d93a168e4380962659cdc7b46a02 <HTTPError 429: 'Too Many Requests'>
ERROR eb33d41fd7c744baa30fce0cd5fd6a53 <HTTPError 429: 'Too Many Requests'>
ERROR 1ba3316382424c949b803bf271e6bfc5 <HTTPError 429: 'Too Many Requests'>
ERROR 63720958aa9249c3b0e102abf05c48eb <HTTPError 429: 'Too Many Requests'>
