ELIGIBLE 1 212 BCH 62159173.21
EXCLUDED 2 212 MAGIC history
EXCLUDED 3 212 GHST history
EXCLUDED 4 212 IQ history
EXCLUDED 5 212 REQ history
ELIGIBLE 6 212 SOL 989619740.97
EXCLUDED 7 212 AMB history
EXCLUDED 8 212 APT history
EXCLUDED 9 212 ENS history
EXCLUDED 10 212 SAND history
EXCLUDED 11 212 RAD history
EXCLUDED 12 212 RARE history
EXCLUDED 13 212 RPL history
ELIGIBLE 14 212 AVAX 240455955.42
ELIGIBLE 15 212 BAND 164880876.08
EXCLUDED 16 212 DAR history
EXCLUDED 17 212 ELF history
EXCLUDED 18 212 HOOK history
EXCLUDED 19 212 MAGIC history
EXCLUDED 20 212 PHB history
EXCLUDED 21 212 REQ history
EXCLUDED 22 212 GLM history
EXCLUDED 23 212 CVX history
EXCLUDED 24 212 LAZIO history
EXCLUDED 25 212 LPT history
EXCLUDED 26 212 RPL history
EXCLUDED 27 212 BNX history
EXCLUDED 28 212 SYN history
ELIGIBLE 29 212 ADA 265794787.01
ELIGIBLE 30 212 ATOM 92622075.87
ELIGIBLE 31 212 AVAX 183120862.53
ELIGIBLE 32 212 MATIC 671752056.15
ELIGIBLE 33 212 SOL 607487122.35
EXCLUDED 34 212 TROY history
ELIGIBLE 35 212 ADA 892919476.35
ELIGIBLE 36 212 MATIC 487981102.51
ELIGIBLE 37 212 ICX 769350394.79
ELIGIBLE 38 212 SXP 707816930.68
ELIGIBLE 39 212 ZRX 346801604.12
EXCLUDED 40 212 CTSI history
EXCLUDED 41 212 OAX history
EXCLUDED 42 212 VAI history
ELIGIBLE 43 212 AXS 59355669.87
ELIGIBLE 44 212 BEL 69405895.41
EXCLUDED 45 212 GMX history
ELIGIBLE 46 212 SXP 82777809.77
EXCLUDED 47 212 EDU history
EXCLUDED 48 212 SUI history
EXCLUDED 49 212 RAD history
EXCLUDED 50 212 APE history
ELIGIBLE 51 212 KAVA 492469697.44
EXCLUDED 52 212 BNT history
ELIGIBLE 53 212 LINA 5127046378.5
EXCLUDED 54 212 APE history
EXCLUDED 55 212 INJ history
EXCLUDED 56 212 OSMO history
ELIGIBLE 57 212 BCH 2799922023.7
ELIGIBLE 58 212 COMP 505162594.73
EXCLUDED 59 212 LPT history
EXCLUDED 60 212 APE history
ELIGIBLE 61 212 AXS 64142752.86
EXCLUDED 62 212 PENDLE history
ELIGIBLE 63 212 COMP 951050229.71
ELIGIBLE 64 212 FLM 110484424.69
ELIGIBLE 65 212 STORJ 83211129.78
EXCLUDED 66 212 AGLD history
EXCLUDED 67 212 ARKM history
ELIGIBLE 68 212 ZRX 58000617.2
ELIGIBLE 69 212 KNC 698284147.32
ELIGIBLE 70 212 OGN 128627775.85
ELIGIBLE 71 212 STMX 181781877.06
EXCLUDED 72 212 VAI history
EXCLUDED 73 212 WLD history
EXCLUDED 74 212 AMP history
ELIGIBLE 75 212 COMP 568434239.83
ELIGIBLE 76 212 QTUM 277789436.32
EXCLUDED 77 212 API3 history
EXCLUDED 78 212 AUDIO history
EXCLUDED 79 212 BNT history
EXCLUDED 80 212 C98 history
EXCLUDED 81 212 DODO prior_bars 0
EXCLUDED 82 212 LPT history
EXCLUDED 83 212 CYBER history
ELIGIBLE 84 212 KNC 112620684.48
ELIGIBLE 85 212 RUNE 1075435978.35
EXCLUDED 86 212 SEI history
ELIGIBLE 87 212 KAVA 47828930.08
ELIGIBLE 88 212 SFP 592287888.56
EXCLUDED 89 212 LPT history
EXCLUDED 90 212 SEI history
ELIGIBLE 91 212 TRB 600190956.7
ELIGIBLE 92 212 UNFI 400900108.93
EXCLUDED 93 212 API3 history
ELIGIBLE 94 212 BLZ 756889860.62
ELIGIBLE 95 212 CTK 109368289.34
EXCLUDED 96 212 HIFI history
EXCLUDED 97 212 REI history
ELIGIBLE 98 212 STORJ 509641309.06
EXCLUDED 99 212 UMA history
EXCLUDED 100 212 ACH history
EXCLUDED 101 212 AVA history
EXCLUDED 102 212 SLP history
EXCLUDED 103 212 APE history
ELIGIBLE 104 212 AXS 48408632.73
ELIGIBLE 105 212 CHZ 46340072.97
EXCLUDED 106 212 AVA history
EXCLUDED 107 212 APT history
ELIGIBLE 108 212 AXS 80198519.77
EXCLUDED 109 212 BEAMX history
EXCLUDED 110 212 1000SATS history
EXCLUDED 111 212 JTO history
EXCLUDED 112 212 ACE history
EXCLUDED 113 212 BONK history
EXCLUDED 114 212 AUCTION history
ELIGIBLE 115 212 BNB 1584016137.59
EXCLUDED 116 212 VAI history
EXCLUDED 117 212 POWR history
EXCLUDED 118 212 XAI history
EXCLUDED 119 212 PEPE history
EXCLUDED 120 212 RAD history
EXCLUDED 121 212 API3 history
EXCLUDED 122 212 UMA history
EXCLUDED 123 212 PROM history
EXCLUDED 124 212 SUI history
ELIGIBLE 125 212 FIL 1466570643.41
EXCLUDED 126 212 WBETH history
ELIGIBLE 127 212 FIL 1131112893.99
EXCLUDED 128 212 RONIN history
ELIGIBLE 129 212 AXS 32984793.14
ELIGIBLE 130 212 BCH 213627449.4
EXCLUDED 131 212 ENA history
ELIGIBLE 132 212 SXP 10039585.18
EXCLUDED 133 212 BLUR history
EXCLUDED 134 212 AERGO history
EXCLUDED 135 212 COS history
EXCLUDED 136 212 ENA history
EXCLUDED 137 212 GLM history
EXCLUDED 138 212 POWR history
EXCLUDED 139 212 RONIN history
ELIGIBLE 140 212 BCH 221130177.42
EXCLUDED 141 212 ENA history
ELIGIBLE 142 212 MTL 133998110.33
EXCLUDED 143 212 ONG history
EXCLUDED 144 212 ASR history
ELIGIBLE 145 212 BCH 97904431.6
EXCLUDED 146 212 ENA history
EXCLUDED 147 212 GLM history
EXCLUDED 148 212 ONG history
EXCLUDED 149 212 ASR history
ELIGIBLE 150 212 EOS 97115613.44
EXCLUDED 151 212 PEPE history
ELIGIBLE 152 212 AXS 21245463.98
ELIGIBLE 153 212 BCH 192870954.15
ELIGIBLE 154 212 SXP 5596822.98
ELIGIBLE 155 212 BNX 138338374.83
EXCLUDED 156 212 ENA history
EXCLUDED 157 212 GLM history
ELIGIBLE 158 212 STMX 287342917.66
EXCLUDED 159 212 CTK qv 0.0
EXCLUDED 160 212 DODO history
ELIGIBLE 161 212 STORJ 158381807.52
EXCLUDED 162 212 ENA history
EXCLUDED 163 212 GLM history
EXCLUDED 164 212 ONG history
ELIGIBLE 165 212 ARPA 125058996.07
EXCLUDED 166 212 AVA history
EXCLUDED 167 212 NMR history
EXCLUDED 168 212 RARE history
ELIGIBLE 169 212 ETH 10566378054.39
ELIGIBLE 170 212 FIL 171749528.47
EXCLUDED 171 212 RAD history
EXCLUDED 172 212 RONIN history
EXCLUDED 173 212 AERGO history
EXCLUDED 174 212 RDNT history
ELIGIBLE 175 212 DAR 104372239.12
EXCLUDED 176 212 RARE history
EXCLUDED 177 212 RONIN history
EXCLUDED 178 212 AUCTION history
ELIGIBLE 179 212 BCH 67869749.46
ELIGIBLE 180 212 FIL 78071266.83
EXCLUDED 181 212 TIA history
EXCLUDED 182 212 ENA history
EXCLUDED 183 212 OG history
EXCLUDED 184 212 TIA history
EXCLUDED 185 212 AVA history
EXCLUDED 186 212 JUP history
ELIGIBLE 187 212 SXP 34526134.43
ELIGIBLE 188 212 API3 41268255.04
ELIGIBLE 189 212 STORJ 73517369.55
EXCLUDED 190 212 TIA history
EXCLUDED 191 212 JUP history
EXCLUDED 192 212 STPT history
ELIGIBLE 193 212 SXP 53983063.13
EXCLUDED 194 212 ACH history
EXCLUDED 195 212 OG history
ELIGIBLE 196 212 ETH 21503478741.37
EXCLUDED 197 212 PNUT history
EXCLUDED 198 212 STPT history
EXCLUDED 199 212 AUCTION history
EXCLUDED 200 212 HIVE history
EXCLUDED 201 212 POWR history
EXCLUDED 202 212 GLM history
ELIGIBLE 203 212 GMT 100353043.26
EXCLUDED 204 212 QI history
ELIGIBLE 205 212 SXP 94690961.39
EXCLUDED 206 212 MOVE history
EXCLUDED 207 212 TROY history
ELIGIBLE 208 212 AXS 55607209.29
EXCLUDED 209 212 VANA history
EXCLUDED 210 212 AGLD history
EXCLUDED 211 212 ENA history
ELIGIBLE 212 212 GMT 31756650.78
{
  "raw_events": 212,
  "raw_unique_tokens": 113,
  "raw_batches": 76,
  "eligible_events": 74,
  "eligible_unique_tokens": 38,
  "eligible_batches": 43,
  "excluded_by_reason": {
    "history_lt_730d_or_missing": 136,
    "missing_prior_24h": 1,
    "qv_lt_5m": 1
  },
  "coverage_gate_pass": true,
  "post_event_returns_read": false
}
ELIGIBLE_TOKENS ['ADA', 'API3', 'ARPA', 'ATOM', 'AVAX', 'AXS', 'BAND', 'BCH', 'BEL', 'BLZ', 'BNB', 'BNX', 'CHZ', 'COMP', 'CTK', 'DAR', 'EOS', 'ETH', 'FIL', 'FLM', 'GMT', 'ICX', 'KAVA', 'KNC', 'LINA', 'MATIC', 'MTL', 'OGN', 'QTUM', 'RUNE', 'SFP', 'SOL', 'STMX', 'STORJ', 'SXP', 'TRB', 'UNFI', 'ZRX']
