{
  "v179": {
    "events": 17280,
    "r12": -0.0002775952852738874,
    "positive_symbols": "1/6",
    "positive_years": "2/4",
    "freq": 14.72607742878013,
    "years": {
      "2023": 0.00028730432035590294,
      "2024": -0.0007130872325043654,
      "2025": -0.0011319262084978038,
      "2026": 0.0007915327072768396
    }
  },
  "v180": {
    "events": 16588,
    "r12": -0.00031746866149678877,
    "positive_symbols": "2/6",
    "positive_years": "3/4",
    "freq": 14.136352568785,
    "years": {
      "2023": 3.8107695289795525e-05,
      "2024": 3.431273385790853e-05,
      "2025": -0.0013446582120648126,
      "2026": 0.00011359408378845931
    }
  },
  "v181": {
    "events": 837,
    "r12": 0.0011435422818793365,
    "positive_symbols": "4/6",
    "positive_years": "3/4",
    "freq": 0.7132943754565375,
    "years": {
      "2023": 0.0005076639551890939,
      "2024": -0.0004656139978337579,
      "2025": 0.0019974072706015478,
      "2026": 0.0037330168598621767
    }
  },
  "v182": {
    "events": 14903,
    "r12": 1.7502201585012933e-05,
    "positive_symbols": "3/6",
    "positive_years": "3/4",
    "freq": 12.700389578767956,
    "years": {
      "2023": 0.00025004328953456617,
      "2024": 0.0003990764136565765,
      "2025": -0.00082912804013678,
      "2026": 0.000333794480317124
    }
  },
  "v183": {
    "events": 8576,
    "r12": 0.0009469813571724667,
    "positive_symbols": "6/6",
    "positive_years": "4/4",
    "freq": 7.3084976868760645,
    "years": {
      "2023": 0.00014883900238257979,
      "2024": 0.0017043388535967728,
      "2025": 0.00041126527068974933,
      "2026": 0.0017839413485379685
    }
  },
  "v184": {
    "events": 1453,
    "r12": -0.0005836657019632938,
    "positive_symbols": "3/6",
    "positive_years": "2/4",
    "freq": 1.238251765278792,
    "years": {
      "2023": -0.0007283544969717776,
      "2024": -0.0022177684351597916,
      "2025": 6.956361741894041e-06,
      "2026": 0.002406847678317827
    }
  },
  "v185": {
    "events": 413,
    "r12": 2.95959546649737e-05,
    "positive_symbols": "3/6",
    "positive_years": "2/4",
    "freq": 0.35196006817628434,
    "years": {
      "2023": -9.121594303488141e-05,
      "2024": 0.001224946384979986,
      "2025": 0.0013650616062512886,
      "2026": -0.003857353854197001
    }
  },
  "v186": {
    "events": 48841,
    "r12": -8.514531039460734e-05,
    "positive_symbols": "1/6",
    "positive_years": "1/4",
    "freq": 41.62247382517652,
    "years": {
      "2023": -5.833461565578011e-05,
      "2024": -0.0001896072659819482,
      "2025": -8.225970259008061e-05,
      "2026": 1.1906642290241742e-05
    }
  },
  "v187": {
    "events": 30152,
    "r12": 8.829665755165407e-05,
    "positive_symbols": "5/6",
    "positive_years": "4/4",
    "freq": 25.695641587533476,
    "years": {
      "2023": 8.143994586577162e-05,
      "2024": 8.945816387316577e-05,
      "2025": 0.00010361283515596628,
      "2026": 7.953493408523704e-05
    }
  },
  "v188": {
    "events": 7842,
    "r12": 0.00032416702995301125,
    "positive_symbols": "4/6",
    "positive_years": "4/4",
    "freq": 6.682980277574871,
    "years": {
      "2023": 4.442144652003121e-05,
      "2024": 0.0006277118156696197,
      "2025": 8.075010249384162e-06,
      "2026": 0.0007251927227886237
    }
  }
}
