VISION 50 / 300
VISION 100 / 300
VISION 150 / 300
VISION 200 / 300
VISION 250 / 300
VISION 300 / 300
PRICE ADAUSDT 762 2022-12-01 2024-12-31
PRICE ALGOUSDT 762 2022-12-01 2024-12-31
PRICE BCHUSDT 762 2022-12-01 2024-12-31
PRICE BTCUSDT 762 2022-12-01 2024-12-31
PRICE DOGEUSDT 762 2022-12-01 2024-12-31
PRICE ETCUSDT 762 2022-12-01 2024-12-31
PRICE ETHUSDT 762 2022-12-01 2024-12-31
PRICE LTCUSDT 762 2022-12-01 2024-12-31
PRICE TRXUSDT 762 2022-12-01 2024-12-31
PRICE XLMUSDT 762 2022-12-01 2024-12-31
PRICE XRPUSDT 762 2022-12-01 2024-12-31
PRICE ZECUSDT 762 2022-12-01 2024-12-31
{
  "events": 3357,
  "symbols": 12,
  "positive_symbols": "4/12",
  "freq": 2.6788645690834474,
  "mean_r1": -0.0015481900079516485,
  "mean_r3": -0.0005918828170726545,
  "mean_r7": -0.0010087218714216995,
  "2023_r7": -0.0005508419267052746,
  "2024_r7": -0.001469612383616831,
  "long_r7": 0.009282556013870333,
  "short_r7": -0.011318409913932497,
  "errors": 69,
  "gate_pass": false
}
