[Reading 39 lines from start (total: 39 lines, 0 remaining)]

2026/10/01 08:57:30.412 [1;34m[I][0m  use lang: zh
BUILD 1/15 ADAUSDT start=2024-08-15
SYM ADAUSDT FULL n=40 rawPF=1.008729 normPF=1.094854 BASE n=22 rawPF=1.195979 normPF=1.309417
BUILD 2/15 AVAXUSDT start=2024-08-15
SYM AVAXUSDT FULL n=46 rawPF=1.190410 normPF=1.313241 BASE n=32 rawPF=1.180960 normPF=1.299033
BUILD 3/15 BNBUSDT start=2024-08-15
SYM BNBUSDT FULL n=62 rawPF=1.046072 normPF=1.137441 BASE n=37 rawPF=1.157088 normPF=1.217928
BUILD 4/15 BTCUSDT start=2024-08-15
SYM BTCUSDT FULL n=37 rawPF=1.460335 normPF=1.590308 BASE n=20 rawPF=1.617346 normPF=1.699100
BUILD 5/15 DOGEUSDT start=2024-08-15
SYM DOGEUSDT FULL n=66 rawPF=0.578188 normPF=0.675063 BASE n=22 rawPF=0.880869 normPF=0.948218
BUILD 6/15 ETHUSDT start=2024-08-15
SYM ETHUSDT FULL n=58 rawPF=0.838005 normPF=0.909892 BASE n=19 rawPF=0.901132 normPF=0.973333
BUILD 7/15 LTCUSDT start=2024-08-15
SYM LTCUSDT FULL n=35 rawPF=0.975402 normPF=1.048127 BASE n=24 rawPF=1.035876 normPF=1.122586
BUILD 8/15 NEARUSDT start=2024-08-15
SYM NEARUSDT FULL n=47 rawPF=0.615866 normPF=0.649357 BASE n=21 rawPF=0.708337 normPF=0.748540
BUILD 9/15 SOLUSDT start=2024-08-15
SYM SOLUSDT FULL n=44 rawPF=0.648333 normPF=0.733957 BASE n=22 rawPF=0.797132 normPF=0.894991
BUILD 10/15 UNIUSDT start=2024-08-15
SYM UNIUSDT FULL n=72 rawPF=0.569624 normPF=0.699717 BASE n=27 rawPF=0.446208 normPF=0.506265
BUILD 11/15 XRPUSDT start=2024-08-15
SYM XRPUSDT FULL n=27 rawPF=0.857052 normPF=0.920795 BASE n=21 rawPF=1.120357 normPF=1.252534
BUILD 12/15 ZECUSDT start=2024-08-15
SYM ZECUSDT FULL n=70 rawPF=0.810608 normPF=0.917138 BASE n=52 rawPF=0.849843 normPF=0.944879
BUILD 13/15 1000PEPEUSDT start=2025-05-05
SYM 1000PEPEUSDT FULL n=35 rawPF=0.756087 normPF=0.826695 BASE n=17 rawPF=0.841549 normPF=0.920685
BUILD 14/15 SUIUSDT start=2025-05-03
SYM SUIUSDT FULL n=61 rawPF=0.927513 normPF=0.978927 BASE n=22 rawPF=0.732655 normPF=0.734976
BUILD 15/15 ONDOUSDT start=2026-01-20
SYM ONDOUSDT FULL n=18 rawPF=1.257372 normPF=1.388817 BASE n=14 rawPF=1.067187 normPF=1.156042
ALL FULL n=718 rawPF=0.904632 rawNet=-2423.034290 normPF=0.922210 normNet=-0.554736069 positive=6/15 freq=0.494782
YEAR FULL 2024 n=35 rawPF=0.521962 normPF=0.513067 normNet=-0.203901672
YEAR FULL 2025 n=383 rawPF=0.811453 normPF=0.797035 normNet=-0.814365394
YEAR FULL 2026 n=300 rawPF=1.100130 normPF=1.171669 normNet=0.463530997
ALL BASE n=372 rawPF=0.960589 rawNet=-573.271411 normPF=1.006467 normNet=0.023407105 positive=7/15 freq=0.256350
YEAR BASE 2024 n=13 rawPF=0.221936 normPF=0.203288 normNet=-0.152798716
YEAR BASE 2025 n=146 rawPF=0.840866 normPF=0.864309 normNet=-0.202947026
YEAR BASE 2026 n=213 rawPF=1.102388 normPF=1.196222 normNet=0.379152847

[executed on device: sorry510 (715fc246-cfb8-4384-b67f-225e7f07bdc3)]