DOWNLOAD 40 / 264
DOWNLOAD 80 / 264
DOWNLOAD 120 / 264
DOWNLOAD 160 / 264
DOWNLOAD 200 / 264
DOWNLOAD 240 / 264
DOWNLOAD 264 / 264
SYMBOL SOLUSDT v191 7521 v193 1352 minute_rows 963360
SYMBOL DOGEUSDT v191 7519 v193 1693 minute_rows 963360
SYMBOL LTCUSDT v191 7570 v193 615 minute_rows 963360
SYMBOL AVAXUSDT v191 7571 v193 1774 minute_rows 963360
SYMBOL UNIUSDT v191 7498 v193 621 minute_rows 963360
SYMBOL ZECUSDT v191 7511 v193 1890 minute_rows 963360
{
  "v191": {
    "events": 95534,
    "r12": -3.585444107786534e-05,
    "positive_symbols": "1/6",
    "positive_years": "2/4",
    "freq": 81.41441441441441,
    "years": {
      "2023": 4.891327828428872e-05,
      "2024": -3.3385737058019415e-05,
      "2025": -0.0001721305113057264,
      "2026": 3.43933189549609e-05
    },
    "long_r12": 0.00032898996093109795,
    "short_r12": -0.0004006835674042682
  },
  "v193": {
    "events": 16152,
    "r12": 0.00021875726642723968,
    "positive_symbols": "3/6",
    "positive_years": "2/4",
    "freq": 13.764791818845872,
    "years": {
      "2023": -0.000565265402784608,
      "2024": 0.0006972876065361457,
      "2025": 0.0006320036291451586,
      "2026": -0.0011974215854796972
    },
    "long_r12": 0.0008907524953276475,
    "short_r12": -0.00043339864987174657
  }
}
