ARTICLE 1 25 c4cd40f6ecc446dcb37e65b07bdcc3b0 chars 4966
ARTICLE 2 25 c48eb2f81a9b489eb22c1b93505d3716 chars 4962
ARTICLE 3 25 4e9fb62baf5343b795e065249b272073 chars 4967
ARTICLE 4 25 16a8df51a44847048f040e5629adf566 chars 5984
ARTICLE 5 25 8b407d82560040b9bff71751ff349760 chars 5586
ARTICLE 6 25 97163cc5d03648948a2aaf8e9e9347ad chars 4935
ARTICLE 7 25 7050603ab615402e8b2e6239b35bc197 chars 5111
ARTICLE 8 25 7858ad40a8ab43db8d1cc5f966e65d88 chars 8189
ARTICLE 9 25 e978605d5d1e428d9f4c406c06bf3542 chars 4545
ARTICLE 10 25 37847fb264204ae08110d1455b375ba8 chars 3002
ARTICLE 11 25 a679386900154386acb262a66868d2a0 chars 4028
ARTICLE 12 25 20fa5a31e5794f2581f4277cca01b031 chars 3280
ARTICLE 13 25 7ab2e56489fa4144bba4310afb0a2ac7 chars 3035
ARTICLE 14 25 713bd011e3de4d3d99b95308da434235 chars 3018
ARTICLE 15 25 c51d8d9045774360ae35669ad62fb761 chars 2492
ARTICLE 16 25 322fbdd2c3c74fe4bd65514b7c4e701f chars 2615
ARTICLE 17 25 7b03eaf579b6436fb3beb9faae1837d9 chars 2478
ARTICLE 18 25 2f28eba0d19d46edbf47df0b87ca3f13 chars 2078
ARTICLE 19 25 27904304ed8843fcbbc68e59c5d70226 chars 2606
ARTICLE 20 25 949300052c3f4247bd5c1d6d9f89e925 chars 3672
ARTICLE 21 25 4d8f21c1cd58497280935e309644c6fe chars 2861
ARTICLE 22 25 469a5ba2f2a147a88801cb4bc1925cff chars 4799
ARTICLE 23 25 875e80e2c3ae4bf69a91c72b6680cedf chars 2542
ARTICLE 24 25 aa176594ebda4ee88985444682424fba chars 4818
ARTICLE 25 25 bcc59f9732fa4074a0040220195b7912 chars 3129
FETCHED 25 ERRORS 0
