DOWNLOAD 50 / 220
DOWNLOAD 100 / 220
DOWNLOAD 150 / 220
DOWNLOAD 200 / 220
DOWNLOAD 220 / 220
SYMBOL BTCUSDT later_events 394
SYMBOL ETHUSDT later_events 664
SYMBOL BNBUSDT later_events 536
SYMBOL XRPUSDT later_events 663
SYMBOL SOLUSDT later_events 732
SYMBOL DOGEUSDT later_events 676
SYMBOL LTCUSDT later_events 693
SYMBOL AVAXUSDT later_events 730
SYMBOL UNIUSDT later_events 608
SYMBOL ZECUSDT later_events 452
{
  "events": 9895,
  "r12": -0.00013349715442757554,
  "positive_symbols": "5/10",
  "positive_validation_years": "1/3",
  "years": {
    "2024": 3.7741107006186236e-06,
    "2025": -0.00011913677656664632,
    "2026": -0.0003991753609181022
  },
  "long_r12": 0.0004332023653904362,
  "short_r12": -0.0007005404062632681,
  "raw_gate": false
}
